[{"stream_name":"stdout","time":0.812582574,"data":"[   0.0m] $ nvidia-smi --query-gpu=name,memory.total,driver_version --format=csv\n"}
,{"stream_name":"stdout","time":0.873248738,"data":"name, memory.total [MiB], driver_version\n"}
,{"stream_name":"stdout","time":0.873281249,"data":"Tesla T4, 15360 MiB, 580.159.04\n"}
,{"stream_name":"stdout","time":0.873286472,"data":"Tesla T4, 15360 MiB, 580.159.04\n"}
,{"stream_name":"stdout","time":11.682530496,"data":"[   0.2m] torch 2.10.0+cu128 | torchvision 0.25.0+cu128 | cuda True | cpus 4\n"}
,{"stream_name":"stdout","time":11.725190524,"data":"[   0.2m] gpu Tesla T4 sm_75 | build sm_70 sm_75 sm_80 sm_86 sm_90 sm_100 sm_120\n"}
,{"stream_name":"stdout","time":13.833345872,"data":"[   0.2m] dataset _meta        \u003c- /kaggle/input/cuhkx-meta  (7 files)\n"}
,{"stream_name":"stdout","time":13.83399726,"data":"[   0.2m] dataset Thermal      \u003c- /kaggle/input/cuhkx-thermal  (10 files)\n"}
,{"stream_name":"stdout","time":13.834017394,"data":"[   0.2m] RUN train.py --data-root /tmp/cuhkx --modality Thermal --fold 0 --out-dir /kaggle/working --max-minutes 192 --epochs 40 --batch-size 16 --frames 16 --size 144 --lr 3e-4 --workers 3 --temporal-aug --arch=s3d --norm=kinetics\n"}
,{"stream_name":"stdout","time":19.02504763,"data":"{\n"}
,{"stream_name":"stdout","time":19.025095257,"data":"  \"data_root\": \"/tmp/cuhkx\",\n"}
,{"stream_name":"stdout","time":19.02510028,"data":"  \"modality\": \"Thermal\",\n"}
,{"stream_name":"stdout","time":19.025103863,"data":"  \"frames\": 16,\n"}
,{"stream_name":"stdout","time":19.025107187,"data":"  \"size\": 144,\n"}
,{"stream_name":"stdout","time":19.025110405,"data":"  \"arch\": \"s3d\",\n"}
,{"stream_name":"stdout","time":19.025113899,"data":"  \"n_folds\": 5,\n"}
,{"stream_name":"stdout","time":19.025117508,"data":"  \"fold\": 0,\n"}
,{"stream_name":"stdout","time":19.025120765,"data":"  \"epochs\": 40,\n"}
,{"stream_name":"stdout","time":19.025123979,"data":"  \"batch_size\": 16,\n"}
,{"stream_name":"stdout","time":19.025127241,"data":"  \"lr\": 0.0003,\n"}
,{"stream_name":"stdout","time":19.025130484,"data":"  \"backbone_lr_mult\": 0.3,\n"}
,{"stream_name":"stdout","time":19.025224206,"data":"  \"weight_decay\": 0.05,\n"}
,{"stream_name":"stdout","time":19.025236723,"data":"  \"label_smoothing\": 0.1,\n"}
,{"stream_name":"stdout","time":19.025242973,"data":"  \"mixup_alpha\": 0.2,\n"}
,{"stream_name":"stdout","time":19.025248605,"data":"  \"mixup_prob\": 0.5,\n"}
,{"stream_name":"stdout","time":19.025254345,"data":"  \"shift_div\": 8,\n"}
,{"stream_name":"stdout","time":19.025259421,"data":"  \"dropout\": 0.3,\n"}
,{"stream_name":"stdout","time":19.02527081,"data":"  \"ema_decay\": 0.999,\n"}
,{"stream_name":"stdout","time":19.025275211,"data":"  \"warmup_frac\": 0.1,\n"}
,{"stream_name":"stdout","time":19.02529154,"data":"  \"grad_clip\": 5.0,\n"}
,{"stream_name":"stdout","time":19.025312061,"data":"  \"amp\": true,\n"}
,{"stream_name":"stdout","time":19.025328733,"data":"  \"num_workers\": 3,\n"}
,{"stream_name":"stdout","time":19.02533421,"data":"  \"seed\": 42,\n"}
,{"stream_name":"stdout","time":19.025338837,"data":"  \"per_clip_norm\": true,\n"}
,{"stream_name":"stdout","time":19.025343852,"data":"  \"out_dir\": \"/kaggle/working\",\n"}
,{"stream_name":"stdout","time":19.025349253,"data":"  \"extra\": {\n"}
,{"stream_name":"stdout","time":19.025354474,"data":"    \"temporal_aug\": true,\n"}
,{"stream_name":"stdout","time":19.025359432,"data":"    \"amp_aug\": false,\n"}
,{"stream_name":"stdout","time":19.025364438,"data":"    \"center_z\": false,\n"}
,{"stream_name":"stdout","time":19.025390906,"data":"    \"norm\": \"kinetics\"\n"}
,{"stream_name":"stdout","time":19.025395367,"data":"  }\n"}
,{"stream_name":"stdout","time":19.025400497,"data":"}\n"}
,{"stream_name":"stdout","time":19.025407502,"data":"\n"}
,{"stream_name":"stdout","time":19.025424376,"data":"Thermal fold 0: train 2298 clips / 14 users | val 593 clips / 4 users\n"}
,{"stream_name":"stdout","time":19.02542854,"data":"val users: ['user1', 'user23', 'user24', 'user5']\n"}
,{"stream_name":"stdout","time":19.025432176,"data":"test clips: 395\n"}
,{"stream_name":"stdout","time":19.025435618,"data":"\n"}
,{"stream_name":"stdout","time":19.025439082,"data":"params: 7.95 M  (15.9 MB fp16)\n"}
,{"stream_name":"stdout","time":19.025442631,"data":"\n"}
,{"stream_name":"stdout","time":58.434829713,"data":"ep  1/40  loss 3.6464  val_acc 0.1417  best 0.1417  39s  \u003c-- best\n"}
,{"stream_name":"stdout","time":95.621273903,"data":"ep  2/40  loss 3.3689  val_acc 0.1804  best 0.1804  37s  \u003c-- best\n"}
,{"stream_name":"stdout","time":134.25317955,"data":"ep  3/40  loss 3.0386  val_acc 0.2378  best 0.2378  39s  \u003c-- best\n"}
,{"stream_name":"stdout","time":172.266977217,"data":"ep  4/40  loss 2.6936  val_acc 0.2968  best 0.2968  38s  \u003c-- best\n"}
,{"stream_name":"stdout","time":209.940501681,"data":"ep  5/40  loss 2.4352  val_acc 0.2917  best 0.2968  38s\n"}
,{"stream_name":"stdout","time":247.866783681,"data":"ep  6/40  loss 2.2359  val_acc 0.2901  best 0.2968  38s\n"}
,{"stream_name":"stdout","time":285.378275726,"data":"ep  7/40  loss 2.0978  val_acc 0.2732  best 0.2968  38s\n"}
,{"stream_name":"stdout","time":323.276871581,"data":"ep  8/40  loss 1.9470  val_acc 0.2479  best 0.2968  38s\n"}
,{"stream_name":"stdout","time":361.192492037,"data":"ep  9/40  loss 1.9026  val_acc 0.2766  best 0.2968  38s\n"}
,{"stream_name":"stdout","time":399.039867197,"data":"ep 10/40  loss 1.8913  val_acc 0.3120  best 0.3120  38s  \u003c-- best\n"}
,{"stream_name":"stdout","time":436.927207618,"data":"ep 11/40  loss 1.8187  val_acc 0.3575  best 0.3575  38s  \u003c-- best\n"}
,{"stream_name":"stdout","time":475.17185922,"data":"ep 12/40  loss 1.5757  val_acc 0.3946  best 0.3946  38s  \u003c-- best\n"}
,{"stream_name":"stdout","time":512.964651321,"data":"ep 13/40  loss 1.6344  val_acc 0.3862  best 0.3946  38s\n"}
,{"stream_name":"stdout","time":550.909877868,"data":"ep 14/40  loss 1.5748  val_acc 0.3862  best 0.3946  38s\n"}
,{"stream_name":"stdout","time":588.76630378,"data":"ep 15/40  loss 1.5838  val_acc 0.3828  best 0.3946  38s\n"}
,{"stream_name":"stdout","time":626.362388446,"data":"ep 16/40  loss 1.5864  val_acc 0.3828  best 0.3946  38s\n"}
,{"stream_name":"stdout","time":664.061175769,"data":"ep 17/40  loss 1.4383  val_acc 0.3676  best 0.3946  38s\n"}
,{"stream_name":"stdout","time":701.858671289,"data":"ep 18/40  loss 1.4488  val_acc 0.3879  best 0.3946  38s\n"}
,{"stream_name":"stdout","time":739.691151768,"data":"ep 19/40  loss 1.4183  val_acc 0.3946  best 0.3946  38s\n"}
,{"stream_name":"stdout","time":777.749374598,"data":"ep 20/40  loss 1.3761  val_acc 0.4132  best 0.4132  38s  \u003c-- best\n"}
,{"stream_name":"stdout","time":815.880435591,"data":"ep 21/40  loss 1.4127  val_acc 0.3997  best 0.4132  38s\n"}
,{"stream_name":"stdout","time":853.854103328,"data":"ep 22/40  loss 1.3477  val_acc 0.4132  best 0.4132  38s\n"}
,{"stream_name":"stdout","time":892.063049867,"data":"ep 23/40  loss 1.3403  val_acc 0.4115  best 0.4132  38s\n"}
,{"stream_name":"stdout","time":929.86107524,"data":"ep 24/40  loss 1.3564  val_acc 0.4165  best 0.4165  38s  \u003c-- best\n"}
,{"stream_name":"stdout","time":968.3274932,"data":"ep 25/40  loss 1.3701  val_acc 0.4115  best 0.4165  38s\n"}
,{"stream_name":"stdout","time":1006.43827561,"data":"ep 26/40  loss 1.2795  val_acc 0.4030  best 0.4165  38s\n"}
,{"stream_name":"stdout","time":1044.295967052,"data":"ep 27/40  loss 1.2727  val_acc 0.4098  best 0.4165  38s\n"}
,{"stream_name":"stdout","time":1082.332654562,"data":"ep 28/40  loss 1.2975  val_acc 0.4115  best 0.4165  38s\n"}
,{"stream_name":"stdout","time":1120.269047789,"data":"ep 29/40  loss 1.2494  val_acc 0.4216  best 0.4216  38s  \u003c-- best\n"}
,{"stream_name":"stdout","time":1158.184769624,"data":"ep 30/40  loss 1.2797  val_acc 0.4148  best 0.4216  38s\n"}
,{"stream_name":"stdout","time":1196.132816642,"data":"ep 31/40  loss 1.3727  val_acc 0.4199  best 0.4216  38s\n"}
,{"stream_name":"stdout","time":1234.009929726,"data":"ep 32/40  loss 1.2038  val_acc 0.4250  best 0.4250  38s  \u003c-- best\n"}
,{"stream_name":"stdout","time":1271.930581843,"data":"ep 33/40  loss 1.3209  val_acc 0.4250  best 0.4250  38s\n"}
,{"stream_name":"stdout","time":1309.959761923,"data":"ep 34/40  loss 1.2194  val_acc 0.4266  best 0.4266  38s  \u003c-- best\n"}
,{"stream_name":"stdout","time":1348.202671147,"data":"ep 35/40  loss 1.2553  val_acc 0.4300  best 0.4300  38s  \u003c-- best\n"}
,{"stream_name":"stdout","time":1386.112877802,"data":"ep 36/40  loss 1.3067  val_acc 0.4317  best 0.4317  38s  \u003c-- best\n"}
,{"stream_name":"stdout","time":1423.95202403,"data":"ep 37/40  loss 1.2637  val_acc 0.4317  best 0.4317  38s\n"}
,{"stream_name":"stdout","time":1461.944025227,"data":"ep 38/40  loss 1.2211  val_acc 0.4266  best 0.4317  38s\n"}
,{"stream_name":"stdout","time":1499.646248322,"data":"ep 39/40  loss 1.2070  val_acc 0.4216  best 0.4317  38s\n"}
,{"stream_name":"stdout","time":1537.639338127,"data":"ep 40/40  loss 1.1825  val_acc 0.4199  best 0.4317  38s\n"}
,{"stream_name":"stdout","time":1553.755695834,"data":"\n"}
,{"stream_name":"stdout","time":1553.755738207,"data":"DONE Thermal_f0: best cross-subject val acc = 0.4317\n"}
,{"stream_name":"stdout","time":1556.265213234,"data":"[  25.9m] DONE Thermal f0 rc=0 in 25.7 min\n"}
,{"stream_name":"stdout","time":1556.265981309,"data":"[  25.9m] RUN train.py --data-root /tmp/cuhkx --modality Thermal --fold 1 --out-dir /kaggle/working --max-minutes 166 --epochs 40 --batch-size 16 --frames 16 --size 144 --lr 3e-4 --workers 3 --temporal-aug --arch=s3d --norm=kinetics\n"}
,{"stream_name":"stdout","time":1560.650360853,"data":"{\n"}
,{"stream_name":"stdout","time":1560.650422476,"data":"  \"data_root\": \"/tmp/cuhkx\",\n"}
,{"stream_name":"stdout","time":1560.650789557,"data":"  \"modality\": \"Thermal\",\n"}
,{"stream_name":"stdout","time":1560.65080883,"data":"  \"frames\": 16,\n"}
,{"stream_name":"stdout","time":1560.650814444,"data":"  \"size\": 144,\n"}
,{"stream_name":"stdout","time":1560.650819987,"data":"  \"arch\": \"s3d\",\n"}
,{"stream_name":"stdout","time":1560.650828017,"data":"  \"n_folds\": 5,\n"}
,{"stream_name":"stdout","time":1560.650833113,"data":"  \"fold\": 1,\n"}
,{"stream_name":"stdout","time":1560.650840256,"data":"  \"epochs\": 40,\n"}
,{"stream_name":"stdout","time":1560.65084573,"data":"  \"batch_size\": 16,\n"}
,{"stream_name":"stdout","time":1560.650851924,"data":"  \"lr\": 0.0003,\n"}
,{"stream_name":"stdout","time":1560.650857824,"data":"  \"backbone_lr_mult\": 0.3,\n"}
,{"stream_name":"stdout","time":1560.650863618,"data":"  \"weight_decay\": 0.05,\n"}
,{"stream_name":"stdout","time":1560.650869125,"data":"  \"label_smoothing\": 0.1,\n"}
,{"stream_name":"stdout","time":1560.650874188,"data":"  \"mixup_alpha\": 0.2,\n"}
,{"stream_name":"stdout","time":1560.650879017,"data":"  \"mixup_prob\": 0.5,\n"}
,{"stream_name":"stdout","time":1560.65089674,"data":"  \"shift_div\": 8,\n"}
,{"stream_name":"stdout","time":1560.650900772,"data":"  \"dropout\": 0.3,\n"}
,{"stream_name":"stdout","time":1560.650904477,"data":"  \"ema_decay\": 0.999,\n"}
,{"stream_name":"stdout","time":1560.650908333,"data":"  \"warmup_frac\": 0.1,\n"}
,{"stream_name":"stdout","time":1560.650914299,"data":"  \"grad_clip\": 5.0,\n"}
,{"stream_name":"stdout","time":1560.650921836,"data":"  \"amp\": true,\n"}
,{"stream_name":"stdout","time":1560.650924556,"data":"  \"num_workers\": 3,\n"}
,{"stream_name":"stdout","time":1560.650927107,"data":"  \"seed\": 42,\n"}
,{"stream_name":"stdout","time":1560.650930521,"data":"  \"per_clip_norm\": true,\n"}
,{"stream_name":"stdout","time":1560.65094867,"data":"  \"out_dir\": \"/kaggle/working\",\n"}
,{"stream_name":"stdout","time":1560.650953645,"data":"  \"extra\": {\n"}
,{"stream_name":"stdout","time":1560.650957893,"data":"    \"temporal_aug\": true,\n"}
,{"stream_name":"stdout","time":1560.650962587,"data":"    \"amp_aug\": false,\n"}
,{"stream_name":"stdout","time":1560.650967007,"data":"    \"center_z\": false,\n"}
,{"stream_name":"stdout","time":1560.650971373,"data":"    \"norm\": \"kinetics\"\n"}
,{"stream_name":"stdout","time":1560.650975362,"data":"  }\n"}
,{"stream_name":"stdout","time":1560.650978977,"data":"}\n"}
,{"stream_name":"stdout","time":1560.650982622,"data":"\n"}
,{"stream_name":"stdout","time":1560.650986327,"data":"Thermal fold 1: train 2162 clips / 14 users | val 729 clips / 4 users\n"}
,{"stream_name":"stdout","time":1560.650990268,"data":"val users: ['user16', 'user6', 'user8', 'user9']\n"}
,{"stream_name":"stdout","time":1560.650994111,"data":"test clips: 395\n"}
,{"stream_name":"stdout","time":1560.650998103,"data":"\n"}
,{"stream_name":"stdout","time":1560.65100207,"data":"params: 7.95 M  (15.9 MB fp16)\n"}
,{"stream_name":"stdout","time":1560.651005931,"data":"\n"}
,{"stream_name":"stdout","time":1600.204014977,"data":"ep  1/40  loss 3.6322  val_acc 0.1262  best 0.1262  40s  \u003c-- best\n"}
,{"stream_name":"stdout","time":1637.545311597,"data":"ep  2/40  loss 3.3441  val_acc 0.1715  best 0.1715  37s  \u003c-- best\n"}
,{"stream_name":"stdout","time":1674.859482429,"data":"ep  3/40  loss 3.0362  val_acc 0.2058  best 0.2058  37s  \u003c-- best\n"}
,{"stream_name":"stdout","time":1712.114076374,"data":"ep  4/40  loss 2.7416  val_acc 0.2771  best 0.2771  37s  \u003c-- best\n"}
,{"stream_name":"stdout","time":1749.339196333,"data":"ep  5/40  loss 2.4653  val_acc 0.2894  best 0.2894  37s  \u003c-- best\n"}
,{"stream_name":"stdout","time":1786.557755115,"data":"ep  6/40  loss 2.2819  val_acc 0.3278  best 0.3278  37s  \u003c-- best\n"}
,{"stream_name":"stdout","time":1823.961320513,"data":"ep  7/40  loss 2.1072  val_acc 0.3594  best 0.3594  37s  \u003c-- best\n"}
,{"stream_name":"stdout","time":1861.282081639,"data":"ep  8/40  loss 2.0163  val_acc 0.3704  best 0.3704  37s  \u003c-- best\n"}
,{"stream_name":"stdout","time":1898.447040761,"data":"ep  9/40  loss 1.8524  val_acc 0.3909  best 0.3909  37s  \u003c-- best\n"}
,{"stream_name":"stdout","time":1935.496345846,"data":"ep 10/40  loss 1.8283  val_acc 0.3827  best 0.3909  37s\n"}
,{"stream_name":"stdout","time":1972.266282702,"data":"ep 11/40  loss 1.6748  val_acc 0.3690  best 0.3909  37s\n"}
,{"stream_name":"stdout","time":2009.035470047,"data":"ep 12/40  loss 1.6501  val_acc 0.3663  best 0.3909  37s\n"}
,{"stream_name":"stdout","time":2046.139585078,"data":"ep 13/40  loss 1.5561  val_acc 0.3937  best 0.3937  37s  \u003c-- best\n"}
,{"stream_name":"stdout","time":2083.321164977,"data":"ep 14/40  loss 1.5704  val_acc 0.3937  best 0.3937  37s\n"}
,{"stream_name":"stdout","time":2120.382451535,"data":"ep 15/40  loss 1.5358  val_acc 0.3964  best 0.3964  37s  \u003c-- best\n"}
,{"stream_name":"stdout","time":2157.272115247,"data":"ep 16/40  loss 1.4837  val_acc 0.3937  best 0.3964  37s\n"}
,{"stream_name":"stdout","time":2194.337779841,"data":"ep 17/40  loss 1.5097  val_acc 0.4102  best 0.4102  37s  \u003c-- best\n"}
,{"stream_name":"stdout","time":2231.37817928,"data":"ep 18/40  loss 1.3799  val_acc 0.4335  best 0.4335  37s  \u003c-- best\n"}
,{"stream_name":"stdout","time":2268.907885897,"data":"ep 19/40  loss 1.3878  val_acc 0.4280  best 0.4335  38s\n"}
,{"stream_name":"stdout","time":2306.136699598,"data":"ep 20/40  loss 1.3843  val_acc 0.4348  best 0.4348  37s  \u003c-- best\n"}
,{"stream_name":"stdout","time":2343.177908297,"data":"ep 21/40  loss 1.3727  val_acc 0.4348  best 0.4348  37s\n"}
,{"stream_name":"stdout","time":2380.768301657,"data":"ep 22/40  loss 1.2856  val_acc 0.4321  best 0.4348  38s\n"}
,{"stream_name":"stdout","time":2417.703456737,"data":"ep 23/40  loss 1.3574  val_acc 0.4266  best 0.4348  37s\n"}
,{"stream_name":"stdout","time":2454.579817484,"data":"ep 24/40  loss 1.2708  val_acc 0.4417  best 0.4417  37s  \u003c-- best\n"}
,{"stream_name":"stdout","time":2491.60140395,"data":"ep 25/40  loss 1.3024  val_acc 0.4390  best 0.4417  37s\n"}
,{"stream_name":"stdout","time":2528.686003845,"data":"ep 26/40  loss 1.3224  val_acc 0.4362  best 0.4417  37s\n"}
,{"stream_name":"stdout","time":2565.93946411,"data":"ep 27/40  loss 1.2816  val_acc 0.4376  best 0.4417  37s\n"}
,{"stream_name":"stdout","time":2603.284875454,"data":"ep 28/40  loss 1.2162  val_acc 0.4417  best 0.4417  37s\n"}
,{"stream_name":"stdout","time":2640.252193177,"data":"ep 29/40  loss 1.2123  val_acc 0.4431  best 0.4431  37s  \u003c-- best\n"}
,{"stream_name":"stdout","time":2677.438346446,"data":"ep 30/40  loss 1.3409  val_acc 0.4403  best 0.4431  37s\n"}
,{"stream_name":"stdout","time":2714.477848185,"data":"ep 31/40  loss 1.2719  val_acc 0.4417  best 0.4431  37s\n"}
,{"stream_name":"stdout","time":2751.704139004,"data":"ep 32/40  loss 1.1889  val_acc 0.4472  best 0.4472  37s  \u003c-- best\n"}
,{"stream_name":"stdout","time":2788.782371516,"data":"ep 33/40  loss 1.2063  val_acc 0.4458  best 0.4472  37s\n"}
,{"stream_name":"stdout","time":2825.84332631,"data":"ep 34/40  loss 1.1916  val_acc 0.4458  best 0.4472  37s\n"}
,{"stream_name":"stdout","time":2862.756397689,"data":"ep 35/40  loss 1.1812  val_acc 0.4472  best 0.4472  37s\n"}
,{"stream_name":"stdout","time":2899.69742911,"data":"ep 36/40  loss 1.2244  val_acc 0.4472  best 0.4472  37s\n"}
,{"stream_name":"stdout","time":2936.622659155,"data":"ep 37/40  loss 1.2337  val_acc 0.4472  best 0.4472  37s\n"}
,{"stream_name":"stdout","time":2973.677670735,"data":"ep 38/40  loss 1.1697  val_acc 0.4458  best 0.4472  37s\n"}
,{"stream_name":"stdout","time":3010.696929404,"data":"ep 39/40  loss 1.1922  val_acc 0.4444  best 0.4472  37s\n"}
,{"stream_name":"stdout","time":3047.630073531,"data":"ep 40/40  loss 1.2348  val_acc 0.4417  best 0.4472  37s\n"}
,{"stream_name":"stdout","time":3064.812733837,"data":"\n"}
,{"stream_name":"stdout","time":3064.812793815,"data":"DONE Thermal_f1: best cross-subject val acc = 0.4472\n"}
,{"stream_name":"stdout","time":3066.012132977,"data":"[  51.1m] DONE Thermal f1 rc=0 in 25.2 min\n"}
,{"stream_name":"stdout","time":3066.012640756,"data":"[  51.1m] RUN train.py --data-root /tmp/cuhkx --modality Thermal --fold 2 --out-dir /kaggle/working --max-minutes 141 --epochs 40 --batch-size 16 --frames 16 --size 144 --lr 3e-4 --workers 3 --temporal-aug --arch=s3d --norm=kinetics\n"}
,{"stream_name":"stdout","time":3070.365420654,"data":"{\n"}
,{"stream_name":"stdout","time":3070.365494808,"data":"  \"data_root\": \"/tmp/cuhkx\",\n"}
,{"stream_name":"stdout","time":3070.36550177,"data":"  \"modality\": \"Thermal\",\n"}
,{"stream_name":"stdout","time":3070.365506869,"data":"  \"frames\": 16,\n"}
,{"stream_name":"stdout","time":3070.365511508,"data":"  \"size\": 144,\n"}
,{"stream_name":"stdout","time":3070.365515664,"data":"  \"arch\": \"s3d\",\n"}
,{"stream_name":"stdout","time":3070.365519763,"data":"  \"n_folds\": 5,\n"}
,{"stream_name":"stdout","time":3070.365653092,"data":"  \"fold\": 2,\n"}
,{"stream_name":"stdout","time":3070.365680118,"data":"  \"epochs\": 40,\n"}
,{"stream_name":"stdout","time":3070.365685907,"data":"  \"batch_size\": 16,\n"}
,{"stream_name":"stdout","time":3070.365690212,"data":"  \"lr\": 0.0003,\n"}
,{"stream_name":"stdout","time":3070.365694904,"data":"  \"backbone_lr_mult\": 0.3,\n"}
,{"stream_name":"stdout","time":3070.365699632,"data":"  \"weight_decay\": 0.05,\n"}
,{"stream_name":"stdout","time":3070.365703478,"data":"  \"label_smoothing\": 0.1,\n"}
,{"stream_name":"stdout","time":3070.365707325,"data":"  \"mixup_alpha\": 0.2,\n"}
,{"stream_name":"stdout","time":3070.365711165,"data":"  \"mixup_prob\": 0.5,\n"}
,{"stream_name":"stdout","time":3070.365714897,"data":"  \"shift_div\": 8,\n"}
,{"stream_name":"stdout","time":3070.365718659,"data":"  \"dropout\": 0.3,\n"}
,{"stream_name":"stdout","time":3070.365722318,"data":"  \"ema_decay\": 0.999,\n"}
,{"stream_name":"stdout","time":3070.365726392,"data":"  \"warmup_frac\": 0.1,\n"}
,{"stream_name":"stdout","time":3070.365822352,"data":"  \"grad_clip\": 5.0,\n"}
,{"stream_name":"stdout","time":3070.365828242,"data":"  \"amp\": true,\n"}
,{"stream_name":"stdout","time":3070.365833523,"data":"  \"num_workers\": 3,\n"}
,{"stream_name":"stdout","time":3070.365837853,"data":"  \"seed\": 42,\n"}
,{"stream_name":"stdout","time":3070.365841538,"data":"  \"per_clip_norm\": true,\n"}
,{"stream_name":"stdout","time":3070.365845458,"data":"  \"out_dir\": \"/kaggle/working\",\n"}
,{"stream_name":"stdout","time":3070.365849469,"data":"  \"extra\": {\n"}
,{"stream_name":"stdout","time":3070.365859479,"data":"    \"temporal_aug\": true,\n"}
,{"stream_name":"stdout","time":3070.365863449,"data":"    \"amp_aug\": false,\n"}
,{"stream_name":"stdout","time":3070.365867298,"data":"    \"center_z\": false,\n"}
,{"stream_name":"stdout","time":3070.365871113,"data":"    \"norm\": \"kinetics\"\n"}
,{"stream_name":"stdout","time":3070.365875091,"data":"  }\n"}
,{"stream_name":"stdout","time":3070.365878693,"data":"}\n"}
,{"stream_name":"stdout","time":3070.365882393,"data":"\n"}
,{"stream_name":"stdout","time":3070.365887876,"data":"Thermal fold 2: train 2185 clips / 14 users | val 706 clips / 4 users\n"}
,{"stream_name":"stdout","time":3070.365895117,"data":"val users: ['user19', 'user20', 'user22', 'user7']\n"}
,{"stream_name":"stdout","time":3070.365898308,"data":"test clips: 395\n"}
,{"stream_name":"stdout","time":3070.36591724,"data":"\n"}
,{"stream_name":"stdout","time":3070.365921725,"data":"params: 7.95 M  (15.9 MB fp16)\n"}
,{"stream_name":"stdout","time":3070.365926403,"data":"\n"}
,{"stream_name":"stdout","time":3110.261521202,"data":"ep  1/40  loss 3.6174  val_acc 0.1246  best 0.1246  40s  \u003c-- best\n"}
,{"stream_name":"stdout","time":3147.689679658,"data":"ep  2/40  loss 3.3341  val_acc 0.1856  best 0.1856  37s  \u003c-- best\n"}
,{"stream_name":"stdout","time":3185.113618368,"data":"ep  3/40  loss 3.0744  val_acc 0.2691  best 0.2691  37s  \u003c-- best\n"}
,{"stream_name":"stdout","time":3222.715920061,"data":"ep  4/40  loss 2.7265  val_acc 0.2890  best 0.2890  38s  \u003c-- best\n"}
,{"stream_name":"stdout","time":3259.977701185,"data":"ep  5/40  loss 2.4888  val_acc 0.2960  best 0.2960  37s  \u003c-- best\n"}
,{"stream_name":"stdout","time":3297.1443736,"data":"ep  6/40  loss 2.3050  val_acc 0.3088  best 0.3088  37s  \u003c-- best\n"}
,{"stream_name":"stdout","time":3334.099055317,"data":"ep  7/40  loss 2.1052  val_acc 0.3244  best 0.3244  37s  \u003c-- best\n"}
,{"stream_name":"stdout","time":3371.073225459,"data":"ep  8/40  loss 2.0453  val_acc 0.3555  best 0.3555  37s  \u003c-- best\n"}
,{"stream_name":"stdout","time":3408.157252655,"data":"ep  9/40  loss 1.9319  val_acc 0.3853  best 0.3853  37s  \u003c-- best\n"}
,{"stream_name":"stdout","time":3445.471613347,"data":"ep 10/40  loss 1.8405  val_acc 0.4051  best 0.4051  37s  \u003c-- best\n"}
,{"stream_name":"stdout","time":3482.789319848,"data":"ep 11/40  loss 1.7422  val_acc 0.4391  best 0.4391  37s  \u003c-- best\n"}
,{"stream_name":"stdout","time":3519.89688386,"data":"ep 12/40  loss 1.7588  val_acc 0.4306  best 0.4391  37s\n"}
,{"stream_name":"stdout","time":3557.204887474,"data":"ep 13/40  loss 1.7400  val_acc 0.4391  best 0.4391  37s\n"}
,{"stream_name":"stdout","time":3594.303007598,"data":"ep 14/40  loss 1.4964  val_acc 0.4448  best 0.4448  37s  \u003c-- best\n"}
,{"stream_name":"stdout","time":3631.598927699,"data":"ep 15/40  loss 1.5338  val_acc 0.4292  best 0.4448  37s\n"}
,{"stream_name":"stdout","time":3668.933634201,"data":"ep 16/40  loss 1.5421  val_acc 0.4476  best 0.4476  37s  \u003c-- best\n"}
,{"stream_name":"stdout","time":3706.073817544,"data":"ep 17/40  loss 1.5069  val_acc 0.4419  best 0.4476  37s\n"}
,{"stream_name":"stdout","time":3743.191284088,"data":"ep 18/40  loss 1.5221  val_acc 0.4263  best 0.4476  37s\n"}
,{"stream_name":"stdout","time":3780.408049228,"data":"ep 19/40  loss 1.4582  val_acc 0.4263  best 0.4476  37s\n"}
,{"stream_name":"stdout","time":3817.603831902,"data":"ep 20/40  loss 1.3761  val_acc 0.4334  best 0.4476  37s\n"}
,{"stream_name":"stdout","time":3854.615111874,"data":"ep 21/40  loss 1.3452  val_acc 0.4448  best 0.4476  37s\n"}
,{"stream_name":"stdout","time":3891.732135877,"data":"ep 22/40  loss 1.2983  val_acc 0.4504  best 0.4504  37s  \u003c-- best\n"}
,{"stream_name":"stdout","time":3928.82413574,"data":"ep 23/40  loss 1.3503  val_acc 0.4518  best 0.4518  37s  \u003c-- best\n"}
,{"stream_name":"stdout","time":3965.864748443,"data":"ep 24/40  loss 1.2613  val_acc 0.4547  best 0.4547  37s  \u003c-- best\n"}
,{"stream_name":"stdout","time":4003.170914723,"data":"ep 25/40  loss 1.3100  val_acc 0.4518  best 0.4547  37s\n"}
,{"stream_name":"stdout","time":4040.388028362,"data":"ep 26/40  loss 1.3269  val_acc 0.4561  best 0.4561  37s  \u003c-- best\n"}
,{"stream_name":"stdout","time":4077.480805724,"data":"ep 27/40  loss 1.2569  val_acc 0.4674  best 0.4674  37s  \u003c-- best\n"}
,{"stream_name":"stdout","time":4115.126917918,"data":"ep 28/40  loss 1.3179  val_acc 0.4759  best 0.4759  38s  \u003c-- best\n"}
,{"stream_name":"stdout","time":4152.319088568,"data":"ep 29/40  loss 1.2989  val_acc 0.4759  best 0.4759  37s\n"}
,{"stream_name":"stdout","time":4189.332517304,"data":"ep 30/40  loss 1.3682  val_acc 0.4731  best 0.4759  37s\n"}
,{"stream_name":"stdout","time":4226.360377308,"data":"ep 31/40  loss 1.3593  val_acc 0.4717  best 0.4759  37s\n"}
,{"stream_name":"stdout","time":4263.739896921,"data":"ep 32/40  loss 1.2541  val_acc 0.4788  best 0.4788  37s  \u003c-- best\n"}
,{"stream_name":"stdout","time":4300.933722685,"data":"ep 33/40  loss 1.2784  val_acc 0.4816  best 0.4816  37s  \u003c-- best\n"}
,{"stream_name":"stdout","time":4338.026263441,"data":"ep 34/40  loss 1.1921  val_acc 0.4816  best 0.4816  37s\n"}
,{"stream_name":"stdout","time":4375.130517586,"data":"ep 35/40  loss 1.1828  val_acc 0.4816  best 0.4816  37s\n"}
,{"stream_name":"stdout","time":4412.328444569,"data":"ep 36/40  loss 1.2427  val_acc 0.4858  best 0.4858  37s  \u003c-- best\n"}
,{"stream_name":"stdout","time":4449.417152563,"data":"ep 37/40  loss 1.1551  val_acc 0.4873  best 0.4873  37s  \u003c-- best\n"}
,{"stream_name":"stdout","time":4486.631544349,"data":"ep 38/40  loss 1.2371  val_acc 0.4844  best 0.4873  37s\n"}
,{"stream_name":"stdout","time":4523.953846062,"data":"ep 39/40  loss 1.2188  val_acc 0.4858  best 0.4873  37s\n"}
,{"stream_name":"stdout","time":4561.609443476,"data":"ep 40/40  loss 1.2170  val_acc 0.4858  best 0.4873  38s\n"}
,{"stream_name":"stdout","time":4578.399673474,"data":"\n"}
,{"stream_name":"stdout","time":4578.39971553,"data":"DONE Thermal_f2: best cross-subject val acc = 0.4873\n"}
,{"stream_name":"stdout","time":4579.491078382,"data":"[  76.3m] DONE Thermal f2 rc=0 in 25.2 min\n"}
,{"stream_name":"stdout","time":4579.491459577,"data":"[  76.3m] RUN train.py --data-root /tmp/cuhkx --modality Thermal --fold 3 --out-dir /kaggle/working --max-minutes 116 --epochs 40 --batch-size 16 --frames 16 --size 144 --lr 3e-4 --workers 3 --temporal-aug --arch=s3d --norm=kinetics\n"}
,{"stream_name":"stdout","time":4583.819227144,"data":"{\n"}
,{"stream_name":"stdout","time":4583.819284999,"data":"  \"data_root\": \"/tmp/cuhkx\",\n"}
,{"stream_name":"stdout","time":4583.819292951,"data":"  \"modality\": \"Thermal\",\n"}
,{"stream_name":"stdout","time":4583.819317774,"data":"  \"frames\": 16,\n"}
,{"stream_name":"stdout","time":4583.819324689,"data":"  \"size\": 144,\n"}
,{"stream_name":"stdout","time":4583.819330028,"data":"  \"arch\": \"s3d\",\n"}
,{"stream_name":"stdout","time":4583.819335476,"data":"  \"n_folds\": 5,\n"}
,{"stream_name":"stdout","time":4583.81934035,"data":"  \"fold\": 3,\n"}
,{"stream_name":"stdout","time":4583.819345679,"data":"  \"epochs\": 40,\n"}
,{"stream_name":"stdout","time":4583.819351052,"data":"  \"batch_size\": 16,\n"}
,{"stream_name":"stdout","time":4583.819356704,"data":"  \"lr\": 0.0003,\n"}
,{"stream_name":"stdout","time":4583.819362234,"data":"  \"backbone_lr_mult\": 0.3,\n"}
,{"stream_name":"stdout","time":4583.819368062,"data":"  \"weight_decay\": 0.05,\n"}
,{"stream_name":"stdout","time":4583.819373501,"data":"  \"label_smoothing\": 0.1,\n"}
,{"stream_name":"stdout","time":4583.819378697,"data":"  \"mixup_alpha\": 0.2,\n"}
,{"stream_name":"stdout","time":4583.819384303,"data":"  \"mixup_prob\": 0.5,\n"}
,{"stream_name":"stdout","time":4583.819389497,"data":"  \"shift_div\": 8,\n"}
,{"stream_name":"stdout","time":4583.819394682,"data":"  \"dropout\": 0.3,\n"}
,{"stream_name":"stdout","time":4583.819400425,"data":"  \"ema_decay\": 0.999,\n"}
,{"stream_name":"stdout","time":4583.819406135,"data":"  \"warmup_frac\": 0.1,\n"}
,{"stream_name":"stdout","time":4583.819411896,"data":"  \"grad_clip\": 5.0,\n"}
,{"stream_name":"stdout","time":4583.819417596,"data":"  \"amp\": true,\n"}
,{"stream_name":"stdout","time":4583.81942305,"data":"  \"num_workers\": 3,\n"}
,{"stream_name":"stdout","time":4583.819429508,"data":"  \"seed\": 42,\n"}
,{"stream_name":"stdout","time":4583.819435053,"data":"  \"per_clip_norm\": true,\n"}
,{"stream_name":"stdout","time":4583.819440911,"data":"  \"out_dir\": \"/kaggle/working\",\n"}
,{"stream_name":"stdout","time":4583.819446486,"data":"  \"extra\": {\n"}
,{"stream_name":"stdout","time":4583.819452084,"data":"    \"temporal_aug\": true,\n"}
,{"stream_name":"stdout","time":4583.819457995,"data":"    \"amp_aug\": false,\n"}
,{"stream_name":"stdout","time":4583.819463538,"data":"    \"center_z\": false,\n"}
,{"stream_name":"stdout","time":4583.819482462,"data":"    \"norm\": \"kinetics\"\n"}
,{"stream_name":"stdout","time":4583.819487364,"data":"  }\n"}
,{"stream_name":"stdout","time":4583.819491379,"data":"}\n"}
,{"stream_name":"stdout","time":4583.819495642,"data":"\n"}
,{"stream_name":"stdout","time":4583.819500104,"data":"Thermal fold 3: train 2500 clips / 15 users | val 391 clips / 3 users\n"}
,{"stream_name":"stdout","time":4583.819504719,"data":"val users: ['user2', 'user3', 'user4']\n"}
,{"stream_name":"stdout","time":4583.819509503,"data":"test clips: 395\n"}
,{"stream_name":"stdout","time":4583.819513702,"data":"\n"}
,{"stream_name":"stdout","time":4583.81951775,"data":"params: 7.95 M  (15.9 MB fp16)\n"}
,{"stream_name":"stdout","time":4583.819522077,"data":"\n"}
,{"stream_name":"stdout","time":4626.021076048,"data":"ep  1/40  loss 3.6123  val_acc 0.1100  best 0.1100  42s  \u003c-- best\n"}
,{"stream_name":"stdout","time":4665.701585094,"data":"ep  2/40  loss 3.3336  val_acc 0.1407  best 0.1407  40s  \u003c-- best\n"}
,{"stream_name":"stdout","time":4705.453097676,"data":"ep  3/40  loss 3.0347  val_acc 0.2404  best 0.2404  40s  \u003c-- best\n"}
,{"stream_name":"stdout","time":4745.457589052,"data":"ep  4/40  loss 2.6713  val_acc 0.3171  best 0.3171  40s  \u003c-- best\n"}
,{"stream_name":"stdout","time":4785.177967863,"data":"ep  5/40  loss 2.3914  val_acc 0.3299  best 0.3299  40s  \u003c-- best\n"}
,{"stream_name":"stdout","time":4824.728041337,"data":"ep  6/40  loss 2.1782  val_acc 0.3248  best 0.3299  40s\n"}
,{"stream_name":"stdout","time":4864.376508838,"data":"ep  7/40  loss 2.1121  val_acc 0.3120  best 0.3299  40s\n"}
,{"stream_name":"stdout","time":4903.844246207,"data":"ep  8/40  loss 1.9871  val_acc 0.3427  best 0.3427  39s  \u003c-- best\n"}
,{"stream_name":"stdout","time":4943.720350238,"data":"ep  9/40  loss 1.9396  val_acc 0.3350  best 0.3427  40s\n"}
,{"stream_name":"stdout","time":4983.463134766,"data":"ep 10/40  loss 1.7949  val_acc 0.3683  best 0.3683  40s  \u003c-- best\n"}
,{"stream_name":"stdout","time":5022.963640018,"data":"ep 11/40  loss 1.7828  val_acc 0.3606  best 0.3683  39s\n"}
,{"stream_name":"stdout","time":5063.135805801,"data":"ep 12/40  loss 1.7154  val_acc 0.3785  best 0.3785  40s  \u003c-- best\n"}
,{"stream_name":"stdout","time":5102.770064335,"data":"ep 13/40  loss 1.6084  val_acc 0.3913  best 0.3913  40s  \u003c-- best\n"}
,{"stream_name":"stdout","time":5142.300881794,"data":"ep 14/40  loss 1.5782  val_acc 0.3836  best 0.3913  40s\n"}
,{"stream_name":"stdout","time":5182.042196514,"data":"ep 15/40  loss 1.5362  val_acc 0.3913  best 0.3913  40s\n"}
,{"stream_name":"stdout","time":5221.701161402,"data":"ep 16/40  loss 1.4934  val_acc 0.3913  best 0.3913  40s\n"}
,{"stream_name":"stdout","time":5261.153161964,"data":"ep 17/40  loss 1.3880  val_acc 0.3811  best 0.3913  39s\n"}
,{"stream_name":"stdout","time":5301.262323273,"data":"ep 18/40  loss 1.4478  val_acc 0.3990  best 0.3990  40s  \u003c-- best\n"}
,{"stream_name":"stdout","time":5340.891975414,"data":"ep 19/40  loss 1.4007  val_acc 0.4041  best 0.4041  40s  \u003c-- best\n"}
,{"stream_name":"stdout","time":5380.622177137,"data":"ep 20/40  loss 1.3682  val_acc 0.4066  best 0.4066  40s  \u003c-- best\n"}
,{"stream_name":"stdout","time":5420.364074766,"data":"ep 21/40  loss 1.3698  val_acc 0.3964  best 0.4066  40s\n"}
,{"stream_name":"stdout","time":5459.832870921,"data":"ep 22/40  loss 1.3678  val_acc 0.3939  best 0.4066  39s\n"}
,{"stream_name":"stdout","time":5499.671523476,"data":"ep 23/40  loss 1.3236  val_acc 0.4015  best 0.4066  40s\n"}
,{"stream_name":"stdout","time":5539.239394607,"data":"ep 24/40  loss 1.3273  val_acc 0.4118  best 0.4118  40s  \u003c-- best\n"}
,{"stream_name":"stdout","time":5579.288707487,"data":"ep 25/40  loss 1.3646  val_acc 0.4066  best 0.4118  40s\n"}
,{"stream_name":"stdout","time":5618.885213953,"data":"ep 26/40  loss 1.2631  val_acc 0.4041  best 0.4118  40s\n"}
,{"stream_name":"stdout","time":5658.536104536,"data":"ep 27/40  loss 1.3022  val_acc 0.4220  best 0.4220  40s  \u003c-- best\n"}
,{"stream_name":"stdout","time":5698.256650327,"data":"ep 28/40  loss 1.2582  val_acc 0.4092  best 0.4220  40s\n"}
,{"stream_name":"stdout","time":5737.868159356,"data":"ep 29/40  loss 1.2369  val_acc 0.4041  best 0.4220  40s\n"}
,{"stream_name":"stdout","time":5777.257280969,"data":"ep 30/40  loss 1.2499  val_acc 0.4118  best 0.4220  39s\n"}
,{"stream_name":"stdout","time":5816.842957823,"data":"ep 31/40  loss 1.2819  val_acc 0.4143  best 0.4220  40s\n"}
,{"stream_name":"stdout","time":5856.418947209,"data":"ep 32/40  loss 1.1901  val_acc 0.4169  best 0.4220  40s\n"}
,{"stream_name":"stdout","time":5896.11643084,"data":"ep 33/40  loss 1.2176  val_acc 0.4194  best 0.4220  40s\n"}
,{"stream_name":"stdout","time":5935.853805404,"data":"ep 34/40  loss 1.2128  val_acc 0.4246  best 0.4246  40s  \u003c-- best\n"}
,{"stream_name":"stdout","time":5975.513267291,"data":"ep 35/40  loss 1.1816  val_acc 0.4220  best 0.4246  40s\n"}
,{"stream_name":"stdout","time":6015.217206206,"data":"ep 36/40  loss 1.1835  val_acc 0.4194  best 0.4246  40s\n"}
,{"stream_name":"stdout","time":6054.947335749,"data":"ep 37/40  loss 1.1831  val_acc 0.4194  best 0.4246  40s\n"}
,{"stream_name":"stdout","time":6094.518224673,"data":"ep 38/40  loss 1.1875  val_acc 0.4246  best 0.4246  40s\n"}
,{"stream_name":"stdout","time":6133.887703312,"data":"ep 39/40  loss 1.2250  val_acc 0.4220  best 0.4246  39s\n"}
,{"stream_name":"stdout","time":6173.422236996,"data":"ep 40/40  loss 1.1663  val_acc 0.4194  best 0.4246  40s\n"}
,{"stream_name":"stdout","time":6188.341125005,"data":"\n"}
,{"stream_name":"stdout","time":6188.341171797,"data":"DONE Thermal_f3: best cross-subject val acc = 0.4246\n"}
,{"stream_name":"stdout","time":6189.497796926,"data":"[ 103.1m] DONE Thermal f3 rc=0 in 26.8 min\n"}
,{"stream_name":"stdout","time":6189.497828209,"data":"[ 103.1m] RUN train.py --data-root /tmp/cuhkx --modality Thermal --fold 4 --out-dir /kaggle/working --max-minutes 89 --epochs 40 --batch-size 16 --frames 16 --size 144 --lr 3e-4 --workers 3 --temporal-aug --arch=s3d --norm=kinetics\n"}
,{"stream_name":"stdout","time":6193.822709958,"data":"{\n"}
,{"stream_name":"stdout","time":6193.822750756,"data":"  \"data_root\": \"/tmp/cuhkx\",\n"}
,{"stream_name":"stdout","time":6193.822758455,"data":"  \"modality\": \"Thermal\",\n"}
,{"stream_name":"stdout","time":6193.822764352,"data":"  \"frames\": 16,\n"}
,{"stream_name":"stdout","time":6193.822769528,"data":"  \"size\": 144,\n"}
,{"stream_name":"stdout","time":6193.822775055,"data":"  \"arch\": \"s3d\",\n"}
,{"stream_name":"stdout","time":6193.8227806,"data":"  \"n_folds\": 5,\n"}
,{"stream_name":"stdout","time":6193.822785804,"data":"  \"fold\": 4,\n"}
,{"stream_name":"stdout","time":6193.822790978,"data":"  \"epochs\": 40,\n"}
,{"stream_name":"stdout","time":6193.822796153,"data":"  \"batch_size\": 16,\n"}
,{"stream_name":"stdout","time":6193.822801378,"data":"  \"lr\": 0.0003,\n"}
,{"stream_name":"stdout","time":6193.822806649,"data":"  \"backbone_lr_mult\": 0.3,\n"}
,{"stream_name":"stdout","time":6193.822812235,"data":"  \"weight_decay\": 0.05,\n"}
,{"stream_name":"stdout","time":6193.822817517,"data":"  \"label_smoothing\": 0.1,\n"}
,{"stream_name":"stdout","time":6193.822823066,"data":"  \"mixup_alpha\": 0.2,\n"}
,{"stream_name":"stdout","time":6193.822844018,"data":"  \"mixup_prob\": 0.5,\n"}
,{"stream_name":"stdout","time":6193.822848788,"data":"  \"shift_div\": 8,\n"}
,{"stream_name":"stdout","time":6193.822853182,"data":"  \"dropout\": 0.3,\n"}
,{"stream_name":"stdout","time":6193.822857481,"data":"  \"ema_decay\": 0.999,\n"}
,{"stream_name":"stdout","time":6193.822861709,"data":"  \"warmup_frac\": 0.1,\n"}
,{"stream_name":"stdout","time":6193.822865969,"data":"  \"grad_clip\": 5.0,\n"}
,{"stream_name":"stdout","time":6193.82287019,"data":"  \"amp\": true,\n"}
,{"stream_name":"stdout","time":6193.822874261,"data":"  \"num_workers\": 3,\n"}
,{"stream_name":"stdout","time":6193.822878252,"data":"  \"seed\": 42,\n"}
,{"stream_name":"stdout","time":6193.822882185,"data":"  \"per_clip_norm\": true,\n"}
,{"stream_name":"stdout","time":6193.822886285,"data":"  \"out_dir\": \"/kaggle/working\",\n"}
,{"stream_name":"stdout","time":6193.822890491,"data":"  \"extra\": {\n"}
,{"stream_name":"stdout","time":6193.822894708,"data":"    \"temporal_aug\": true,\n"}
,{"stream_name":"stdout","time":6193.822905515,"data":"    \"amp_aug\": false,\n"}
,{"stream_name":"stdout","time":6193.822909697,"data":"    \"center_z\": false,\n"}
,{"stream_name":"stdout","time":6193.822914213,"data":"    \"norm\": \"kinetics\"\n"}
,{"stream_name":"stdout","time":6193.822918241,"data":"  }\n"}
,{"stream_name":"stdout","time":6193.822922232,"data":"}\n"}
,{"stream_name":"stdout","time":6193.822926112,"data":"\n"}
,{"stream_name":"stdout","time":6193.822930056,"data":"Thermal fold 4: train 2419 clips / 15 users | val 472 clips / 3 users\n"}
,{"stream_name":"stdout","time":6193.822934688,"data":"val users: ['user17', 'user18', 'user21']\n"}
,{"stream_name":"stdout","time":6193.822939378,"data":"test clips: 395\n"}
,{"stream_name":"stdout","time":6193.822943475,"data":"\n"}
,{"stream_name":"stdout","time":6193.822947391,"data":"params: 7.95 M  (15.9 MB fp16)\n"}
,{"stream_name":"stdout","time":6193.822951406,"data":"\n"}
,{"stream_name":"stdout","time":6235.422847943,"data":"ep  1/40  loss 3.6305  val_acc 0.1250  best 0.1250  42s  \u003c-- best\n"}
,{"stream_name":"stdout","time":6274.478765937,"data":"ep  2/40  loss 3.3127  val_acc 0.1504  best 0.1504  39s  \u003c-- best\n"}
,{"stream_name":"stdout","time":6313.449312773,"data":"ep  3/40  loss 2.9659  val_acc 0.1631  best 0.1631  39s  \u003c-- best\n"}
,{"stream_name":"stdout","time":6352.647836725,"data":"ep  4/40  loss 2.6137  val_acc 0.2288  best 0.2288  39s  \u003c-- best\n"}
,{"stream_name":"stdout","time":6391.682941646,"data":"ep  5/40  loss 2.3449  val_acc 0.2373  best 0.2373  39s  \u003c-- best\n"}
,{"stream_name":"stdout","time":6430.621821917,"data":"ep  6/40  loss 2.1996  val_acc 0.2500  best 0.2500  39s  \u003c-- best\n"}
,{"stream_name":"stdout","time":6469.748899284,"data":"ep  7/40  loss 2.0055  val_acc 0.2818  best 0.2818  39s  \u003c-- best\n"}
,{"stream_name":"stdout","time":6508.688835972,"data":"ep  8/40  loss 1.8835  val_acc 0.3030  best 0.3030  39s  \u003c-- best\n"}
,{"stream_name":"stdout","time":6547.828654185,"data":"ep  9/40  loss 1.8131  val_acc 0.3199  best 0.3199  39s  \u003c-- best\n"}
,{"stream_name":"stdout","time":6586.970500731,"data":"ep 10/40  loss 1.7211  val_acc 0.3284  best 0.3284  39s  \u003c-- best\n"}
,{"stream_name":"stdout","time":6626.321181748,"data":"ep 11/40  loss 1.6886  val_acc 0.3242  best 0.3284  39s\n"}
,{"stream_name":"stdout","time":6665.380895858,"data":"ep 12/40  loss 1.5568  val_acc 0.3347  best 0.3347  39s  \u003c-- best\n"}
,{"stream_name":"stdout","time":6704.457548049,"data":"ep 13/40  loss 1.5096  val_acc 0.3326  best 0.3347  39s\n"}
,{"stream_name":"stdout","time":6743.354024109,"data":"ep 14/40  loss 1.5123  val_acc 0.3559  best 0.3559  39s  \u003c-- best\n"}
,{"stream_name":"stdout","time":6782.678932055,"data":"ep 15/40  loss 1.4869  val_acc 0.3623  best 0.3623  39s  \u003c-- best\n"}
,{"stream_name":"stdout","time":6821.755819242,"data":"ep 16/40  loss 1.3538  val_acc 0.3708  best 0.3708  39s  \u003c-- best\n"}
,{"stream_name":"stdout","time":6861.064141768,"data":"ep 17/40  loss 1.3161  val_acc 0.3708  best 0.3708  39s\n"}
,{"stream_name":"stdout","time":6900.342120855,"data":"ep 18/40  loss 1.3259  val_acc 0.3856  best 0.3856  39s  \u003c-- best\n"}
,{"stream_name":"stdout","time":6939.31695163,"data":"ep 19/40  loss 1.2993  val_acc 0.3856  best 0.3856  39s\n"}
,{"stream_name":"stdout","time":6978.270585107,"data":"ep 20/40  loss 1.3714  val_acc 0.3898  best 0.3898  39s  \u003c-- best\n"}
,{"stream_name":"stdout","time":7017.188466659,"data":"ep 21/40  loss 1.2974  val_acc 0.3856  best 0.3898  39s\n"}
,{"stream_name":"stdout","time":7056.104726795,"data":"ep 22/40  loss 1.2808  val_acc 0.3581  best 0.3898  39s\n"}
,{"stream_name":"stdout","time":7094.984201444,"data":"ep 23/40  loss 1.2969  val_acc 0.3665  best 0.3898  39s\n"}
,{"stream_name":"stdout","time":7134.065844636,"data":"ep 24/40  loss 1.2856  val_acc 0.3644  best 0.3898  39s\n"}
,{"stream_name":"stdout","time":7173.270179576,"data":"ep 25/40  loss 1.2084  val_acc 0.3686  best 0.3898  39s\n"}
,{"stream_name":"stdout","time":7212.248145731,"data":"ep 26/40  loss 1.1718  val_acc 0.3644  best 0.3898  39s\n"}
,{"stream_name":"stdout","time":7251.257510785,"data":"ep 27/40  loss 1.2648  val_acc 0.3517  best 0.3898  39s\n"}
,{"stream_name":"stdout","time":7290.262685713,"data":"ep 28/40  loss 1.2157  val_acc 0.3538  best 0.3898  39s\n"}
,{"stream_name":"stdout","time":7329.215882797,"data":"ep 29/40  loss 1.1617  val_acc 0.3623  best 0.3898  39s\n"}
,{"stream_name":"stdout","time":7368.472481591,"data":"ep 30/40  loss 1.1816  val_acc 0.3602  best 0.3898  39s\n"}
,{"stream_name":"stdout","time":7407.515840842,"data":"ep 31/40  loss 1.1803  val_acc 0.3644  best 0.3898  39s\n"}
,{"stream_name":"stdout","time":7446.301897089,"data":"ep 32/40  loss 1.2205  val_acc 0.3581  best 0.3898  39s\n"}
,{"stream_name":"stdout","time":7485.485973026,"data":"ep 33/40  loss 1.0849  val_acc 0.3581  best 0.3898  39s\n"}
,{"stream_name":"stdout","time":7524.705102172,"data":"ep 34/40  loss 1.1594  val_acc 0.3559  best 0.3898  39s\n"}
,{"stream_name":"stdout","time":7563.638479336,"data":"ep 35/40  loss 1.2115  val_acc 0.3559  best 0.3898  39s\n"}
,{"stream_name":"stdout","time":7602.704083041,"data":"ep 36/40  loss 1.1579  val_acc 0.3538  best 0.3898  39s\n"}
,{"stream_name":"stdout","time":7641.938927204,"data":"ep 37/40  loss 1.2027  val_acc 0.3559  best 0.3898  39s\n"}
,{"stream_name":"stdout","time":7680.877894744,"data":"ep 38/40  loss 1.1041  val_acc 0.3559  best 0.3898  39s\n"}
,{"stream_name":"stdout","time":7720.12431544,"data":"ep 39/40  loss 1.1597  val_acc 0.3559  best 0.3898  39s\n"}
,{"stream_name":"stdout","time":7759.150204238,"data":"ep 40/40  loss 1.1289  val_acc 0.3559  best 0.3898  39s\n"}
,{"stream_name":"stdout","time":7774.477828036,"data":"\n"}
,{"stream_name":"stdout","time":7774.477867765,"data":"DONE Thermal_f4: best cross-subject val acc = 0.3898\n"}
,{"stream_name":"stdout","time":7775.679115323,"data":"[ 129.6m] DONE Thermal f4 rc=0 in 26.4 min\n"}
,{"stream_name":"stdout","time":7775.679541683,"data":"[ 129.6m] RUN train.py --data-root /tmp/cuhkx --modality Thermal --fold -1 --out-dir /kaggle/working --max-minutes 62 --epochs 40 --batch-size 16 --frames 16 --size 144 --lr 3e-4 --workers 3 --temporal-aug --arch=s3d --norm=kinetics\n"}
,{"stream_name":"stdout","time":7780.078688431,"data":"{\n"}
,{"stream_name":"stdout","time":7780.078785779,"data":"  \"data_root\": \"/tmp/cuhkx\",\n"}
,{"stream_name":"stdout","time":7780.078794165,"data":"  \"modality\": \"Thermal\",\n"}
,{"stream_name":"stdout","time":7780.078798898,"data":"  \"frames\": 16,\n"}
,{"stream_name":"stdout","time":7780.078802864,"data":"  \"size\": 144,\n"}
,{"stream_name":"stdout","time":7780.078806955,"data":"  \"arch\": \"s3d\",\n"}
,{"stream_name":"stdout","time":7780.078811223,"data":"  \"n_folds\": 5,\n"}
,{"stream_name":"stdout","time":7780.078815167,"data":"  \"fold\": -1,\n"}
,{"stream_name":"stdout","time":7780.078818985,"data":"  \"epochs\": 40,\n"}
,{"stream_name":"stdout","time":7780.078822849,"data":"  \"batch_size\": 16,\n"}
,{"stream_name":"stdout","time":7780.078827059,"data":"  \"lr\": 0.0003,\n"}
,{"stream_name":"stdout","time":7780.078831399,"data":"  \"backbone_lr_mult\": 0.3,\n"}
,{"stream_name":"stdout","time":7780.078835607,"data":"  \"weight_decay\": 0.05,\n"}
,{"stream_name":"stdout","time":7780.078839918,"data":"  \"label_smoothing\": 0.1,\n"}
,{"stream_name":"stdout","time":7780.078843671,"data":"  \"mixup_alpha\": 0.2,\n"}
,{"stream_name":"stdout","time":7780.078847416,"data":"  \"mixup_prob\": 0.5,\n"}
,{"stream_name":"stdout","time":7780.078851827,"data":"  \"shift_div\": 8,\n"}
,{"stream_name":"stdout","time":7780.078855837,"data":"  \"dropout\": 0.3,\n"}
,{"stream_name":"stdout","time":7780.078859913,"data":"  \"ema_decay\": 0.999,\n"}
,{"stream_name":"stdout","time":7780.078864095,"data":"  \"warmup_frac\": 0.1,\n"}
,{"stream_name":"stdout","time":7780.078867975,"data":"  \"grad_clip\": 5.0,\n"}
,{"stream_name":"stdout","time":7780.078872227,"data":"  \"amp\": true,\n"}
,{"stream_name":"stdout","time":7780.078876259,"data":"  \"num_workers\": 3,\n"}
,{"stream_name":"stdout","time":7780.078880208,"data":"  \"seed\": 42,\n"}
,{"stream_name":"stdout","time":7780.078884045,"data":"  \"per_clip_norm\": true,\n"}
,{"stream_name":"stdout","time":7780.078888517,"data":"  \"out_dir\": \"/kaggle/working\",\n"}
,{"stream_name":"stdout","time":7780.078892101,"data":"  \"extra\": {\n"}
,{"stream_name":"stdout","time":7780.078895539,"data":"    \"temporal_aug\": true,\n"}
,{"stream_name":"stdout","time":7780.078899606,"data":"    \"amp_aug\": false,\n"}
,{"stream_name":"stdout","time":7780.078903804,"data":"    \"center_z\": false,\n"}
,{"stream_name":"stdout","time":7780.078907971,"data":"    \"norm\": \"kinetics\"\n"}
,{"stream_name":"stdout","time":7780.078911619,"data":"  }\n"}
,{"stream_name":"stdout","time":7780.078915167,"data":"}\n"}
,{"stream_name":"stdout","time":7780.078918561,"data":"\n"}
,{"stream_name":"stdout","time":7780.078922049,"data":"Thermal fold -1: train 2891 clips / 18 users | val 0 clips / 0 users\n"}
,{"stream_name":"stdout","time":7780.078925796,"data":"test clips: 395\n"}
,{"stream_name":"stdout","time":7780.078929308,"data":"\n"}
,{"stream_name":"stdout","time":7780.078932802,"data":"params: 7.95 M  (15.9 MB fp16)\n"}
,{"stream_name":"stdout","time":7780.078936343,"data":"\n"}
,{"stream_name":"stdout","time":7824.787408213,"data":"ep  1/40  loss 3.6243  val n/a (full data)  45s\n"}
,{"stream_name":"stdout","time":7867.163595345,"data":"ep  2/40  loss 3.2995  val n/a (full data)  42s\n"}
,{"stream_name":"stdout","time":7909.538832956,"data":"ep  3/40  loss 2.9395  val n/a (full data)  42s\n"}
,{"stream_name":"stdout","time":7952.409513828,"data":"ep  4/40  loss 2.6220  val n/a (full data)  43s\n"}
,{"stream_name":"stdout","time":7994.87890932,"data":"ep  5/40  loss 2.3663  val n/a (full data)  42s\n"}
,{"stream_name":"stdout","time":8037.233389132,"data":"ep  6/40  loss 2.2074  val n/a (full data)  42s\n"}
,{"stream_name":"stdout","time":8079.626925821,"data":"ep  7/40  loss 2.0530  val n/a (full data)  42s\n"}
,{"stream_name":"stdout","time":8122.384977894,"data":"ep  8/40  loss 2.0442  val n/a (full data)  43s\n"}
,{"stream_name":"stdout","time":8164.923588592,"data":"ep  9/40  loss 1.8867  val n/a (full data)  43s\n"}
,{"stream_name":"stdout","time":8207.29483628,"data":"ep 10/40  loss 1.7109  val n/a (full data)  42s\n"}
,{"stream_name":"stdout","time":8249.961052952,"data":"ep 11/40  loss 1.7308  val n/a (full data)  43s\n"}
,{"stream_name":"stdout","time":8292.227463681,"data":"ep 12/40  loss 1.7053  val n/a (full data)  42s\n"}
,{"stream_name":"stdout","time":8334.647834731,"data":"ep 13/40  loss 1.6565  val n/a (full data)  42s\n"}
,{"stream_name":"stdout","time":8377.052744072,"data":"ep 14/40  loss 1.5536  val n/a (full data)  42s\n"}
,{"stream_name":"stdout","time":8419.737981975,"data":"ep 15/40  loss 1.5297  val n/a (full data)  43s\n"}
,{"stream_name":"stdout","time":8462.736259881,"data":"ep 16/40  loss 1.5038  val n/a (full data)  43s\n"}
,{"stream_name":"stdout","time":8505.292408161,"data":"ep 17/40  loss 1.4694  val n/a (full data)  43s\n"}
,{"stream_name":"stdout","time":8547.630955081,"data":"ep 18/40  loss 1.4577  val n/a (full data)  42s\n"}
,{"stream_name":"stdout","time":8589.968970209,"data":"ep 19/40  loss 1.4277  val n/a (full data)  42s\n"}
,{"stream_name":"stdout","time":8632.454435497,"data":"ep 20/40  loss 1.4257  val n/a (full data)  42s\n"}
,{"stream_name":"stdout","time":8674.92016623,"data":"ep 21/40  loss 1.3391  val n/a (full data)  42s\n"}
,{"stream_name":"stdout","time":8717.298786392,"data":"ep 22/40  loss 1.3681  val n/a (full data)  42s\n"}
,{"stream_name":"stdout","time":8760.049367946,"data":"ep 23/40  loss 1.3376  val n/a (full data)  43s\n"}
,{"stream_name":"stdout","time":8803.102678065,"data":"ep 24/40  loss 1.3715  val n/a (full data)  43s\n"}
,{"stream_name":"stdout","time":8845.451779713,"data":"ep 25/40  loss 1.3436  val n/a (full data)  42s\n"}
,{"stream_name":"stdout","time":8887.850342069,"data":"ep 26/40  loss 1.3537  val n/a (full data)  42s\n"}
,{"stream_name":"stdout","time":8930.382576244,"data":"ep 27/40  loss 1.2593  val n/a (full data)  43s\n"}
,{"stream_name":"stdout","time":8972.90063671,"data":"ep 28/40  loss 1.3494  val n/a (full data)  43s\n"}
,{"stream_name":"stdout","time":9015.785794426,"data":"ep 29/40  loss 1.2625  val n/a (full data)  43s\n"}
,{"stream_name":"stdout","time":9058.367692366,"data":"ep 30/40  loss 1.2813  val n/a (full data)  43s\n"}
,{"stream_name":"stdout","time":9101.037550512,"data":"ep 31/40  loss 1.2351  val n/a (full data)  43s\n"}
,{"stream_name":"stdout","time":9143.519503985,"data":"ep 32/40  loss 1.1759  val n/a (full data)  42s\n"}
,{"stream_name":"stdout","time":9185.856681943,"data":"ep 33/40  loss 1.1624  val n/a (full data)  42s\n"}
,{"stream_name":"stdout","time":9228.117471862,"data":"ep 34/40  loss 1.2075  val n/a (full data)  42s\n"}
,{"stream_name":"stdout","time":9271.084067803,"data":"ep 35/40  loss 1.2109  val n/a (full data)  43s\n"}
,{"stream_name":"stdout","time":9313.755393402,"data":"ep 36/40  loss 1.1713  val n/a (full data)  43s\n"}
,{"stream_name":"stdout","time":9356.069551358,"data":"ep 37/40  loss 1.1896  val n/a (full data)  42s\n"}
,{"stream_name":"stdout","time":9398.566791029,"data":"ep 38/40  loss 1.2140  val n/a (full data)  42s\n"}
,{"stream_name":"stdout","time":9440.97725719,"data":"ep 39/40  loss 1.1689  val n/a (full data)  42s\n"}
,{"stream_name":"stdout","time":9483.824622662,"data":"ep 40/40  loss 1.1916  val n/a (full data)  43s\n"}
,{"stream_name":"stdout","time":9495.799248938,"data":"\n"}
,{"stream_name":"stdout","time":9495.799290192,"data":"DONE Thermal_full: full-data model (no held-out users)\n"}
,{"stream_name":"stdout","time":9496.991901415,"data":"[ 158.3m] DONE Thermal f-1 rc=0 in 28.7 min\n"}
,{"stream_name":"stdout","time":9496.99263883,"data":"[ 158.3m] runner finished\n"}
,{"stream_name":"stderr","time":9499.916912296,"data":"/usr/local/lib/python3.12/dist-packages/mistune.py:435: SyntaxWarning: invalid escape sequence '\\|'\n"}
,{"stream_name":"stderr","time":9499.916974312,"data":"  cells[i][c] = re.sub('\\\\\\\\\\|', '|', cell)\n"}
,{"stream_name":"stderr","time":9500.148074646,"data":"/usr/local/lib/python3.12/dist-packages/nbconvert/filters/filter_links.py:36: SyntaxWarning: invalid escape sequence '\\_'\n"}
,{"stream_name":"stderr","time":9500.148118423,"data":"  text = re.sub(r'_', '\\_', text) # Escape underscores in display text\n"}
,{"stream_name":"stderr","time":9500.842856131,"data":"[NbConvertApp] Converting notebook __script__.ipynb to html\n"}
,{"stream_name":"stderr","time":9502.176638707,"data":"[NbConvertApp] Writing 374099 bytes to __results__.html\n"}
]