[{"stream_name":"stdout","time":0.927604339,"data":"[   0.0m] $ nvidia-smi --query-gpu=name,memory.total,driver_version --format=csv\n"}
,{"stream_name":"stderr","time":0.934022099,"data":"/bin/sh: 1: nvidia-smi: not found\n"}
,{"stream_name":"stdout","time":13.105668023,"data":"[   0.2m] torch 2.10.0+cpu | torchvision 0.25.0+cpu | cuda False | cpus 4\n"}
,{"stream_name":"stdout","time":13.705150027,"data":"[   0.2m] dataset _meta        \u003c- /kaggle/input/datasets/santanubanerjee9/cuhkx-meta  (5 files)\n"}
,{"stream_name":"stdout","time":13.706074507,"data":"[   0.2m] dataset Skeleton     \u003c- /kaggle/input/datasets/santanubanerjee9/cuhkx-skeleton  (4 files)\n"}
,{"stream_name":"stdout","time":13.70610435,"data":"[   0.2m] RUN train.py --data-root /tmp/cuhkx --modality Skeleton --fold 4 --out-dir /kaggle/working --max-minutes 160 --epochs 60 --batch-size 32 --frames 32 --lr 1e-3 --workers 2 --temporal-aug --amp-aug\n"}
,{"stream_name":"stdout","time":19.041100395,"data":"/usr/local/lib/python3.12/dist-packages/torch/utils/data/dataloader.py:1118: UserWarning: 'pin_memory' argument is set as true but no accelerator is found, then device pinned memory won't be used.\n"}
,{"stream_name":"stdout","time":19.04114891,"data":"  super().__init__(loader)\n"}
,{"stream_name":"stdout","time":19.058893253,"data":"{\n"}
,{"stream_name":"stdout","time":19.058932296,"data":"  \"data_root\": \"/tmp/cuhkx\",\n"}
,{"stream_name":"stdout","time":19.05893908,"data":"  \"modality\": \"Skeleton\",\n"}
,{"stream_name":"stdout","time":19.05894456,"data":"  \"frames\": 32,\n"}
,{"stream_name":"stdout","time":19.058950063,"data":"  \"size\": 144,\n"}
,{"stream_name":"stdout","time":19.058955175,"data":"  \"arch\": \"resnet18\",\n"}
,{"stream_name":"stdout","time":19.058960656,"data":"  \"n_folds\": 5,\n"}
,{"stream_name":"stdout","time":19.058965597,"data":"  \"fold\": 4,\n"}
,{"stream_name":"stdout","time":19.058970879,"data":"  \"epochs\": 60,\n"}
,{"stream_name":"stdout","time":19.058976216,"data":"  \"batch_size\": 32,\n"}
,{"stream_name":"stdout","time":19.058981698,"data":"  \"lr\": 0.001,\n"}
,{"stream_name":"stdout","time":19.058987145,"data":"  \"backbone_lr_mult\": 0.3,\n"}
,{"stream_name":"stdout","time":19.058993178,"data":"  \"weight_decay\": 0.05,\n"}
,{"stream_name":"stdout","time":19.058999015,"data":"  \"label_smoothing\": 0.1,\n"}
,{"stream_name":"stdout","time":19.059004743,"data":"  \"mixup_alpha\": 0.2,\n"}
,{"stream_name":"stdout","time":19.059010663,"data":"  \"mixup_prob\": 0.5,\n"}
,{"stream_name":"stdout","time":19.0590161,"data":"  \"shift_div\": 8,\n"}
,{"stream_name":"stdout","time":19.059021521,"data":"  \"dropout\": 0.3,\n"}
,{"stream_name":"stdout","time":19.059026822,"data":"  \"ema_decay\": 0.999,\n"}
,{"stream_name":"stdout","time":19.059032093,"data":"  \"warmup_frac\": 0.1,\n"}
,{"stream_name":"stdout","time":19.059037923,"data":"  \"grad_clip\": 5.0,\n"}
,{"stream_name":"stdout","time":19.059043588,"data":"  \"amp\": true,\n"}
,{"stream_name":"stdout","time":19.059049306,"data":"  \"num_workers\": 2,\n"}
,{"stream_name":"stdout","time":19.059054661,"data":"  \"seed\": 42,\n"}
,{"stream_name":"stdout","time":19.059060529,"data":"  \"per_clip_norm\": true,\n"}
,{"stream_name":"stdout","time":19.059064755,"data":"  \"out_dir\": \"/kaggle/working\",\n"}
,{"stream_name":"stdout","time":19.059068561,"data":"  \"extra\": {\n"}
,{"stream_name":"stdout","time":19.059072287,"data":"    \"temporal_aug\": true,\n"}
,{"stream_name":"stdout","time":19.059076095,"data":"    \"amp_aug\": true\n"}
,{"stream_name":"stdout","time":19.059110087,"data":"  }\n"}
,{"stream_name":"stdout","time":19.059129801,"data":"}\n"}
,{"stream_name":"stdout","time":19.059133647,"data":"\n"}
,{"stream_name":"stdout","time":19.059136887,"data":"Skeleton fold 4: train 2454 clips / 15 users | val 477 clips / 3 users\n"}
,{"stream_name":"stdout","time":19.059140139,"data":"val users: ['user17', 'user18', 'user21']\n"}
,{"stream_name":"stdout","time":19.059143169,"data":"test clips: 405\n"}
,{"stream_name":"stdout","time":19.059146094,"data":"\n"}
,{"stream_name":"stdout","time":19.059149234,"data":"params: 2.05 M  (4.1 MB fp16)\n"}
,{"stream_name":"stdout","time":19.059152298,"data":"\n"}
,{"stream_name":"stdout","time":114.968317379,"data":"ep  1/60  loss 3.7120  val_acc 0.1006  best 0.1006  96s  \u003c-- best\n"}
,{"stream_name":"stdout","time":209.501572245,"data":"ep  2/60  loss 3.2158  val_acc 0.2117  best 0.2117  95s  \u003c-- best\n"}
,{"stream_name":"stdout","time":301.5280486,"data":"ep  3/60  loss 2.9294  val_acc 0.2788  best 0.2788  92s  \u003c-- best\n"}
,{"stream_name":"stdout","time":392.848110181,"data":"ep  4/60  loss 2.8285  val_acc 0.3103  best 0.3103  91s  \u003c-- best\n"}
,{"stream_name":"stdout","time":485.58501201,"data":"ep  5/60  loss 2.6965  val_acc 0.3291  best 0.3291  93s  \u003c-- best\n"}
,{"stream_name":"stdout","time":578.126555661,"data":"ep  6/60  loss 2.6568  val_acc 0.3417  best 0.3417  93s  \u003c-- best\n"}
,{"stream_name":"stdout","time":670.486766644,"data":"ep  7/60  loss 2.5850  val_acc 0.3669  best 0.3669  92s  \u003c-- best\n"}
,{"stream_name":"stdout","time":762.348013834,"data":"ep  8/60  loss 2.4454  val_acc 0.3899  best 0.3899  92s  \u003c-- best\n"}
,{"stream_name":"stdout","time":853.959319188,"data":"ep  9/60  loss 2.4345  val_acc 0.4235  best 0.4235  92s  \u003c-- best\n"}
,{"stream_name":"stdout","time":945.280394306,"data":"ep 10/60  loss 2.3353  val_acc 0.4298  best 0.4298  91s  \u003c-- best\n"}
,{"stream_name":"stdout","time":1035.815448991,"data":"ep 11/60  loss 2.3903  val_acc 0.4444  best 0.4444  91s  \u003c-- best\n"}
,{"stream_name":"stdout","time":1126.83118064,"data":"ep 12/60  loss 2.2546  val_acc 0.4696  best 0.4696  91s  \u003c-- best\n"}
,{"stream_name":"stdout","time":1217.283301382,"data":"ep 13/60  loss 2.2387  val_acc 0.4654  best 0.4696  90s\n"}
,{"stream_name":"stdout","time":1308.258186622,"data":"ep 14/60  loss 2.2217  val_acc 0.4843  best 0.4843  91s  \u003c-- best\n"}
,{"stream_name":"stdout","time":1399.912407676,"data":"ep 15/60  loss 2.1784  val_acc 0.4864  best 0.4864  92s  \u003c-- best\n"}
,{"stream_name":"stdout","time":1490.557602502,"data":"ep 16/60  loss 2.0709  val_acc 0.5073  best 0.5073  91s  \u003c-- best\n"}
,{"stream_name":"stdout","time":1583.35469554,"data":"ep 17/60  loss 2.1704  val_acc 0.5094  best 0.5094  93s  \u003c-- best\n"}
,{"stream_name":"stdout","time":1675.406987934,"data":"ep 18/60  loss 2.1040  val_acc 0.5052  best 0.5094  92s\n"}
,{"stream_name":"stdout","time":1767.327317344,"data":"ep 19/60  loss 2.0506  val_acc 0.5094  best 0.5094  92s\n"}
,{"stream_name":"stdout","time":1859.922287333,"data":"ep 20/60  loss 2.0419  val_acc 0.5178  best 0.5178  93s  \u003c-- best\n"}
,{"stream_name":"stdout","time":1952.273567197,"data":"ep 21/60  loss 1.9909  val_acc 0.5304  best 0.5304  92s  \u003c-- best\n"}
,{"stream_name":"stdout","time":2044.925572072,"data":"ep 22/60  loss 1.9339  val_acc 0.5409  best 0.5409  93s  \u003c-- best\n"}
,{"stream_name":"stdout","time":2137.532225358,"data":"ep 23/60  loss 1.8956  val_acc 0.5514  best 0.5514  93s  \u003c-- best\n"}
,{"stream_name":"stdout","time":2229.144099633,"data":"ep 24/60  loss 1.9172  val_acc 0.5409  best 0.5514  92s\n"}
,{"stream_name":"stdout","time":2320.764373281,"data":"ep 25/60  loss 1.8790  val_acc 0.5535  best 0.5535  92s  \u003c-- best\n"}
,{"stream_name":"stdout","time":2414.290480494,"data":"ep 26/60  loss 1.7968  val_acc 0.5514  best 0.5535  94s\n"}
,{"stream_name":"stdout","time":2506.481987226,"data":"ep 27/60  loss 1.8713  val_acc 0.5430  best 0.5535  92s\n"}
,{"stream_name":"stdout","time":2598.89067843,"data":"ep 28/60  loss 1.7991  val_acc 0.5409  best 0.5535  92s\n"}
,{"stream_name":"stdout","time":2690.867366845,"data":"ep 29/60  loss 1.7866  val_acc 0.5430  best 0.5535  92s\n"}
,{"stream_name":"stdout","time":2783.125757551,"data":"ep 30/60  loss 1.7822  val_acc 0.5493  best 0.5535  92s\n"}
,{"stream_name":"stdout","time":2875.094598566,"data":"ep 31/60  loss 1.7031  val_acc 0.5577  best 0.5577  92s  \u003c-- best\n"}
,{"stream_name":"stdout","time":2966.647296123,"data":"ep 32/60  loss 1.6270  val_acc 0.5618  best 0.5618  92s  \u003c-- best\n"}
,{"stream_name":"stdout","time":3058.906162354,"data":"ep 33/60  loss 1.6988  val_acc 0.5514  best 0.5618  92s\n"}
,{"stream_name":"stdout","time":3151.02857856,"data":"ep 34/60  loss 1.5761  val_acc 0.5514  best 0.5618  92s\n"}
,{"stream_name":"stdout","time":3244.932038711,"data":"ep 35/60  loss 1.6210  val_acc 0.5618  best 0.5618  94s\n"}
,{"stream_name":"stdout","time":3336.801082313,"data":"ep 36/60  loss 1.5576  val_acc 0.5597  best 0.5618  92s\n"}
,{"stream_name":"stdout","time":3428.23256248,"data":"ep 37/60  loss 1.5925  val_acc 0.5639  best 0.5639  91s  \u003c-- best\n"}
,{"stream_name":"stdout","time":3520.733941719,"data":"ep 38/60  loss 1.5971  val_acc 0.5639  best 0.5639  93s\n"}
,{"stream_name":"stdout","time":3616.728408348,"data":"ep 39/60  loss 1.6487  val_acc 0.5597  best 0.5639  96s\n"}
,{"stream_name":"stdout","time":3709.915184618,"data":"ep 40/60  loss 1.5197  val_acc 0.5660  best 0.5660  93s  \u003c-- best\n"}
,{"stream_name":"stdout","time":3801.597031137,"data":"ep 41/60  loss 1.5129  val_acc 0.5702  best 0.5702  92s  \u003c-- best\n"}
,{"stream_name":"stdout","time":3893.667921317,"data":"ep 42/60  loss 1.4994  val_acc 0.5681  best 0.5702  92s\n"}
,{"stream_name":"stdout","time":3988.981595578,"data":"ep 43/60  loss 1.4953  val_acc 0.5765  best 0.5765  95s  \u003c-- best\n"}
,{"stream_name":"stdout","time":4084.342013751,"data":"ep 44/60  loss 1.4363  val_acc 0.5849  best 0.5849  95s  \u003c-- best\n"}
,{"stream_name":"stdout","time":4177.253356737,"data":"ep 45/60  loss 1.4907  val_acc 0.5828  best 0.5849  93s\n"}
,{"stream_name":"stdout","time":4271.454852175,"data":"ep 46/60  loss 1.5131  val_acc 0.5849  best 0.5849  94s\n"}
,{"stream_name":"stdout","time":4364.092059402,"data":"ep 47/60  loss 1.4227  val_acc 0.5807  best 0.5849  93s\n"}
,{"stream_name":"stdout","time":4456.993518861,"data":"ep 48/60  loss 1.4199  val_acc 0.5891  best 0.5891  93s  \u003c-- best\n"}
,{"stream_name":"stdout","time":4548.616942291,"data":"ep 49/60  loss 1.3727  val_acc 0.5807  best 0.5891  92s\n"}
,{"stream_name":"stdout","time":4639.83498802,"data":"ep 50/60  loss 1.3469  val_acc 0.5828  best 0.5891  91s\n"}
,{"stream_name":"stdout","time":4731.244535021,"data":"ep 51/60  loss 1.3709  val_acc 0.5849  best 0.5891  91s\n"}
,{"stream_name":"stdout","time":4822.668007192,"data":"ep 52/60  loss 1.3581  val_acc 0.5828  best 0.5891  91s\n"}
,{"stream_name":"stdout","time":4914.448200168,"data":"ep 53/60  loss 1.4720  val_acc 0.5807  best 0.5891  92s\n"}
,{"stream_name":"stdout","time":5005.899754388,"data":"ep 54/60  loss 1.3327  val_acc 0.5765  best 0.5891  91s\n"}
,{"stream_name":"stdout","time":5097.372144175,"data":"ep 55/60  loss 1.3559  val_acc 0.5786  best 0.5891  91s\n"}
,{"stream_name":"stdout","time":5188.934243201,"data":"ep 56/60  loss 1.3029  val_acc 0.5786  best 0.5891  92s\n"}
,{"stream_name":"stdout","time":5280.264545376,"data":"ep 57/60  loss 1.3283  val_acc 0.5786  best 0.5891  91s\n"}
,{"stream_name":"stdout","time":5371.414145027,"data":"ep 58/60  loss 1.3218  val_acc 0.5786  best 0.5891  91s\n"}
,{"stream_name":"stdout","time":5462.813579409,"data":"ep 59/60  loss 1.2868  val_acc 0.5786  best 0.5891  91s\n"}
,{"stream_name":"stdout","time":5554.823519373,"data":"ep 60/60  loss 1.3300  val_acc 0.5786  best 0.5891  92s\n"}
,{"stream_name":"stdout","time":5559.404609423,"data":"/usr/local/lib/python3.12/dist-packages/torch/utils/data/dataloader.py:1118: UserWarning: 'pin_memory' argument is set as true but no accelerator is found, then device pinned memory won't be used.\n"}
,{"stream_name":"stdout","time":5559.404650403,"data":"  super().__init__(loader)\n"}
,{"stream_name":"stdout","time":5572.580549559,"data":"\n"}
,{"stream_name":"stdout","time":5572.580596416,"data":"DONE Skeleton_f4: best cross-subject val acc = 0.5891\n"}
,{"stream_name":"stdout","time":5573.573289191,"data":"[  92.9m] DONE Skeleton f4 rc=0 in 92.7 min\n"}
,{"stream_name":"stdout","time":5573.573940394,"data":"[  92.9m] runner finished\n"}
,{"stream_name":"stderr","time":5577.217921377,"data":"/usr/local/lib/python3.12/dist-packages/mistune.py:435: SyntaxWarning: invalid escape sequence '\\|'\n"}
,{"stream_name":"stderr","time":5577.217962248,"data":"  cells[i][c] = re.sub('\\\\\\\\\\|', '|', cell)\n"}
,{"stream_name":"stderr","time":5577.55925495,"data":"/usr/local/lib/python3.12/dist-packages/nbconvert/filters/filter_links.py:36: SyntaxWarning: invalid escape sequence '\\_'\n"}
,{"stream_name":"stderr","time":5577.55928995,"data":"  text = re.sub(r'_', '\\_', text) # Escape underscores in display text\n"}
,{"stream_name":"stderr","time":5578.392516117,"data":"[NbConvertApp] Converting notebook __script__.ipynb to html\n"}
,{"stream_name":"stderr","time":5580.123325205,"data":"[NbConvertApp] Writing 357975 bytes to __results__.html\n"}
]