[{"stream_name":"stdout","time":1.48579277,"data":"[   0.0m] $ nvidia-smi --query-gpu=name,memory.total,driver_version --format=csv\n"}
,{"stream_name":"stderr","time":1.501279399,"data":"/bin/sh: 1: nvidia-smi: not found\n"}
,{"stream_name":"stdout","time":16.258932651,"data":"[   0.2m] torch 2.10.0+cpu | torchvision 0.25.0+cpu | cuda False | cpus 4\n"}
,{"stream_name":"stdout","time":17.139934342,"data":"[   0.3m] dataset _meta        \u003c- /kaggle/input/datasets/santanubanerjee9/cuhkx-meta  (5 files)\n"}
,{"stream_name":"stdout","time":17.140929721,"data":"[   0.3m] dataset Skeleton     \u003c- /kaggle/input/datasets/santanubanerjee9/cuhkx-skeleton  (4 files)\n"}
,{"stream_name":"stdout","time":17.140982815,"data":"[   0.3m] RUN train.py --data-root /tmp/cuhkx --modality Skeleton --fold 0 --out-dir /kaggle/working --max-minutes 170 --epochs 60 --batch-size 32 --frames 32 --lr 1e-3 --workers 2 --temporal-aug --amp-aug\n"}
,{"stream_name":"stdout","time":23.571647419,"data":"/usr/local/lib/python3.12/dist-packages/torch/utils/data/dataloader.py:1118: UserWarning: 'pin_memory' argument is set as true but no accelerator is found, then device pinned memory won't be used.\n"}
,{"stream_name":"stdout","time":23.571693289,"data":"  super().__init__(loader)\n"}
,{"stream_name":"stdout","time":23.594377276,"data":"{\n"}
,{"stream_name":"stdout","time":23.594417884,"data":"  \"data_root\": \"/tmp/cuhkx\",\n"}
,{"stream_name":"stdout","time":23.594425668,"data":"  \"modality\": \"Skeleton\",\n"}
,{"stream_name":"stdout","time":23.594432396,"data":"  \"frames\": 32,\n"}
,{"stream_name":"stdout","time":23.594438882,"data":"  \"size\": 144,\n"}
,{"stream_name":"stdout","time":23.594444836,"data":"  \"arch\": \"resnet18\",\n"}
,{"stream_name":"stdout","time":23.59445119,"data":"  \"n_folds\": 5,\n"}
,{"stream_name":"stdout","time":23.594456964,"data":"  \"fold\": 0,\n"}
,{"stream_name":"stdout","time":23.594462637,"data":"  \"epochs\": 60,\n"}
,{"stream_name":"stdout","time":23.594490471,"data":"  \"batch_size\": 32,\n"}
,{"stream_name":"stdout","time":23.594497172,"data":"  \"lr\": 0.001,\n"}
,{"stream_name":"stdout","time":23.59450276,"data":"  \"backbone_lr_mult\": 0.3,\n"}
,{"stream_name":"stdout","time":23.594508517,"data":"  \"weight_decay\": 0.05,\n"}
,{"stream_name":"stdout","time":23.594514205,"data":"  \"label_smoothing\": 0.1,\n"}
,{"stream_name":"stdout","time":23.594519882,"data":"  \"mixup_alpha\": 0.2,\n"}
,{"stream_name":"stdout","time":23.594525477,"data":"  \"mixup_prob\": 0.5,\n"}
,{"stream_name":"stdout","time":23.594535951,"data":"  \"shift_div\": 8,\n"}
,{"stream_name":"stdout","time":23.594541354,"data":"  \"dropout\": 0.3,\n"}
,{"stream_name":"stdout","time":23.594546577,"data":"  \"ema_decay\": 0.999,\n"}
,{"stream_name":"stdout","time":23.594551868,"data":"  \"warmup_frac\": 0.1,\n"}
,{"stream_name":"stdout","time":23.594557096,"data":"  \"grad_clip\": 5.0,\n"}
,{"stream_name":"stdout","time":23.59456272,"data":"  \"amp\": true,\n"}
,{"stream_name":"stdout","time":23.594568048,"data":"  \"num_workers\": 2,\n"}
,{"stream_name":"stdout","time":23.594573258,"data":"  \"seed\": 42,\n"}
,{"stream_name":"stdout","time":23.594578566,"data":"  \"per_clip_norm\": true,\n"}
,{"stream_name":"stdout","time":23.594583898,"data":"  \"out_dir\": \"/kaggle/working\",\n"}
,{"stream_name":"stdout","time":23.594589597,"data":"  \"extra\": {\n"}
,{"stream_name":"stdout","time":23.59459576,"data":"    \"temporal_aug\": true,\n"}
,{"stream_name":"stdout","time":23.594601641,"data":"    \"amp_aug\": true,\n"}
,{"stream_name":"stdout","time":23.594607515,"data":"    \"center_z\": false\n"}
,{"stream_name":"stdout","time":23.594629773,"data":"  }\n"}
,{"stream_name":"stdout","time":23.594638705,"data":"}\n"}
,{"stream_name":"stdout","time":23.594643149,"data":"\n"}
,{"stream_name":"stdout","time":23.594647399,"data":"Skeleton fold 0: train 2392 clips / 14 users | val 539 clips / 4 users\n"}
,{"stream_name":"stdout","time":23.594652203,"data":"val users: ['user1', 'user23', 'user24', 'user5']\n"}
,{"stream_name":"stdout","time":23.594656964,"data":"test clips: 405\n"}
,{"stream_name":"stdout","time":23.594661399,"data":"\n"}
,{"stream_name":"stdout","time":23.594666005,"data":"params: 2.05 M  (4.1 MB fp16)\n"}
,{"stream_name":"stdout","time":23.594670385,"data":"\n"}
,{"stream_name":"stdout","time":114.736283146,"data":"ep  1/60  loss 3.5561  val_acc 0.1484  best 0.1484  91s  \u003c-- best\n"}
,{"stream_name":"stdout","time":204.264464204,"data":"ep  2/60  loss 3.1601  val_acc 0.2152  best 0.2152  90s  \u003c-- best\n"}
,{"stream_name":"stdout","time":292.670576206,"data":"ep  3/60  loss 2.9821  val_acc 0.2653  best 0.2653  88s  \u003c-- best\n"}
,{"stream_name":"stdout","time":381.320205442,"data":"ep  4/60  loss 2.8720  val_acc 0.2857  best 0.2857  89s  \u003c-- best\n"}
,{"stream_name":"stdout","time":470.667910359,"data":"ep  5/60  loss 2.7328  val_acc 0.3228  best 0.3228  89s  \u003c-- best\n"}
,{"stream_name":"stdout","time":558.683640713,"data":"ep  6/60  loss 2.6345  val_acc 0.3636  best 0.3636  88s  \u003c-- best\n"}
,{"stream_name":"stdout","time":646.559155739,"data":"ep  7/60  loss 2.5449  val_acc 0.3673  best 0.3673  88s  \u003c-- best\n"}
,{"stream_name":"stdout","time":734.892694439,"data":"ep  8/60  loss 2.4988  val_acc 0.3822  best 0.3822  88s  \u003c-- best\n"}
,{"stream_name":"stdout","time":823.353941857,"data":"ep  9/60  loss 2.4147  val_acc 0.4082  best 0.4082  88s  \u003c-- best\n"}
,{"stream_name":"stdout","time":911.774105839,"data":"ep 10/60  loss 2.3431  val_acc 0.4360  best 0.4360  88s  \u003c-- best\n"}
,{"stream_name":"stdout","time":1000.291647305,"data":"ep 11/60  loss 2.2645  val_acc 0.4193  best 0.4360  89s\n"}
,{"stream_name":"stdout","time":1088.196041993,"data":"ep 12/60  loss 2.3110  val_acc 0.4249  best 0.4360  88s\n"}
,{"stream_name":"stdout","time":1176.811693056,"data":"ep 13/60  loss 2.1946  val_acc 0.4174  best 0.4360  89s\n"}
,{"stream_name":"stdout","time":1266.267559528,"data":"ep 14/60  loss 2.2200  val_acc 0.4230  best 0.4360  89s\n"}
,{"stream_name":"stdout","time":1354.7980704,"data":"ep 15/60  loss 2.1008  val_acc 0.4471  best 0.4471  89s  \u003c-- best\n"}
,{"stream_name":"stdout","time":1443.237051291,"data":"ep 16/60  loss 2.1453  val_acc 0.4508  best 0.4508  88s  \u003c-- best\n"}
,{"stream_name":"stdout","time":1531.616210384,"data":"ep 17/60  loss 2.0844  val_acc 0.4638  best 0.4638  88s  \u003c-- best\n"}
,{"stream_name":"stdout","time":1623.054784739,"data":"ep 18/60  loss 2.1425  val_acc 0.4657  best 0.4657  91s  \u003c-- best\n"}
,{"stream_name":"stdout","time":1711.882109847,"data":"ep 19/60  loss 2.1201  val_acc 0.4583  best 0.4657  89s\n"}
,{"stream_name":"stdout","time":1799.651760685,"data":"ep 20/60  loss 2.0374  val_acc 0.4583  best 0.4657  88s\n"}
,{"stream_name":"stdout","time":1887.567392607,"data":"ep 21/60  loss 2.0560  val_acc 0.4675  best 0.4675  88s  \u003c-- best\n"}
,{"stream_name":"stdout","time":1974.685050455,"data":"ep 22/60  loss 1.9120  val_acc 0.4694  best 0.4694  87s  \u003c-- best\n"}
,{"stream_name":"stdout","time":2062.448512001,"data":"ep 23/60  loss 1.7910  val_acc 0.4805  best 0.4805  88s  \u003c-- best\n"}
,{"stream_name":"stdout","time":2150.702243616,"data":"ep 24/60  loss 1.8368  val_acc 0.4842  best 0.4842  88s  \u003c-- best\n"}
,{"stream_name":"stdout","time":2238.377506267,"data":"ep 25/60  loss 1.8998  val_acc 0.4731  best 0.4842  88s\n"}
,{"stream_name":"stdout","time":2327.602225303,"data":"ep 26/60  loss 1.8966  val_acc 0.4768  best 0.4842  89s\n"}
,{"stream_name":"stdout","time":2416.940367767,"data":"ep 27/60  loss 1.7481  val_acc 0.4675  best 0.4842  89s\n"}
,{"stream_name":"stdout","time":2505.249269081,"data":"ep 28/60  loss 1.7764  val_acc 0.4675  best 0.4842  88s\n"}
,{"stream_name":"stdout","time":2595.672438151,"data":"ep 29/60  loss 1.8918  val_acc 0.4657  best 0.4842  90s\n"}
,{"stream_name":"stdout","time":2683.893794353,"data":"ep 30/60  loss 1.7795  val_acc 0.4731  best 0.4842  88s\n"}
,{"stream_name":"stdout","time":2771.925196464,"data":"ep 31/60  loss 1.8035  val_acc 0.4787  best 0.4842  88s\n"}
,{"stream_name":"stdout","time":2861.6189187210002,"data":"ep 32/60  loss 1.6724  val_acc 0.4731  best 0.4842  90s\n"}
,{"stream_name":"stdout","time":2952.746629318,"data":"ep 33/60  loss 1.6304  val_acc 0.4768  best 0.4842  91s\n"}
,{"stream_name":"stdout","time":3040.915340165,"data":"ep 34/60  loss 1.6419  val_acc 0.4787  best 0.4842  88s\n"}
,{"stream_name":"stdout","time":3131.820335726,"data":"ep 35/60  loss 1.6648  val_acc 0.4768  best 0.4842  91s\n"}
,{"stream_name":"stdout","time":3221.209392148,"data":"ep 36/60  loss 1.6777  val_acc 0.4768  best 0.4842  89s\n"}
,{"stream_name":"stdout","time":3310.686067545,"data":"ep 37/60  loss 1.5301  val_acc 0.4879  best 0.4879  89s  \u003c-- best\n"}
,{"stream_name":"stdout","time":3417.606391171,"data":"ep 38/60  loss 1.5796  val_acc 0.4898  best 0.4898  107s  \u003c-- best\n"}
,{"stream_name":"stdout","time":3510.756977384,"data":"ep 39/60  loss 1.5523  val_acc 0.4879  best 0.4898  93s\n"}
,{"stream_name":"stdout","time":3602.30167141,"data":"ep 40/60  loss 1.5081  val_acc 0.4898  best 0.4898  92s\n"}
,{"stream_name":"stdout","time":3693.155723718,"data":"ep 41/60  loss 1.6061  val_acc 0.4805  best 0.4898  91s\n"}
,{"stream_name":"stdout","time":3782.2882096,"data":"ep 42/60  loss 1.5198  val_acc 0.4861  best 0.4898  89s\n"}
,{"stream_name":"stdout","time":3870.527914786,"data":"ep 43/60  loss 1.4758  val_acc 0.4824  best 0.4898  88s\n"}
,{"stream_name":"stdout","time":3959.894986822,"data":"ep 44/60  loss 1.4727  val_acc 0.4861  best 0.4898  89s\n"}
,{"stream_name":"stdout","time":4049.715838987,"data":"ep 45/60  loss 1.4607  val_acc 0.4824  best 0.4898  90s\n"}
,{"stream_name":"stdout","time":4138.733549346,"data":"ep 46/60  loss 1.4918  val_acc 0.4898  best 0.4898  89s\n"}
,{"stream_name":"stdout","time":4227.714096262,"data":"ep 47/60  loss 1.4906  val_acc 0.4898  best 0.4898  89s\n"}
,{"stream_name":"stdout","time":4317.403700796,"data":"ep 48/60  loss 1.5103  val_acc 0.4991  best 0.4991  90s  \u003c-- best\n"}
,{"stream_name":"stdout","time":4407.235653838,"data":"ep 49/60  loss 1.4088  val_acc 0.4935  best 0.4991  90s\n"}
,{"stream_name":"stdout","time":4495.449894442,"data":"ep 50/60  loss 1.3411  val_acc 0.4954  best 0.4991  88s\n"}
,{"stream_name":"stdout","time":4584.77100879,"data":"ep 51/60  loss 1.2809  val_acc 0.4991  best 0.4991  89s\n"}
,{"stream_name":"stdout","time":4672.590806829,"data":"ep 52/60  loss 1.3900  val_acc 0.4954  best 0.4991  88s\n"}
,{"stream_name":"stdout","time":4760.520638666,"data":"ep 53/60  loss 1.4460  val_acc 0.4935  best 0.4991  88s\n"}
,{"stream_name":"stdout","time":4848.163832115,"data":"ep 54/60  loss 1.3960  val_acc 0.5009  best 0.5009  88s  \u003c-- best\n"}
,{"stream_name":"stdout","time":4937.220973706,"data":"ep 55/60  loss 1.3324  val_acc 0.5028  best 0.5028  89s  \u003c-- best\n"}
,{"stream_name":"stdout","time":5028.532778414,"data":"ep 56/60  loss 1.3483  val_acc 0.5046  best 0.5046  91s  \u003c-- best\n"}
,{"stream_name":"stdout","time":5120.852145363,"data":"ep 57/60  loss 1.4354  val_acc 0.5028  best 0.5046  92s\n"}
,{"stream_name":"stdout","time":5211.261511541,"data":"ep 58/60  loss 1.3098  val_acc 0.5028  best 0.5046  90s\n"}
,{"stream_name":"stdout","time":5301.988982366,"data":"ep 59/60  loss 1.4296  val_acc 0.5028  best 0.5046  91s\n"}
,{"stream_name":"stdout","time":5390.869348025,"data":"ep 60/60  loss 1.4657  val_acc 0.5028  best 0.5046  89s\n"}
,{"stream_name":"stdout","time":5396.178861291,"data":"/usr/local/lib/python3.12/dist-packages/torch/utils/data/dataloader.py:1118: UserWarning: 'pin_memory' argument is set as true but no accelerator is found, then device pinned memory won't be used.\n"}
,{"stream_name":"stdout","time":5396.178916431,"data":"  super().__init__(loader)\n"}
,{"stream_name":"stdout","time":5409.404985458,"data":"\n"}
,{"stream_name":"stdout","time":5409.405059521,"data":"DONE Skeleton_f0: best cross-subject val acc = 0.5046\n"}
,{"stream_name":"stdout","time":5410.796682564,"data":"[  90.2m] DONE Skeleton f0 rc=0 in 89.9 min\n"}
,{"stream_name":"stdout","time":5410.798096207,"data":"[  90.2m] RUN train.py --data-root /tmp/cuhkx --modality Skeleton --fold 1 --out-dir /kaggle/working --max-minutes 170 --epochs 60 --batch-size 32 --frames 32 --lr 1e-3 --workers 2 --temporal-aug --amp-aug\n"}
,{"stream_name":"stdout","time":5414.995844549,"data":"/usr/local/lib/python3.12/dist-packages/torch/utils/data/dataloader.py:1118: UserWarning: 'pin_memory' argument is set as true but no accelerator is found, then device pinned memory won't be used.\n"}
,{"stream_name":"stdout","time":5414.995893725,"data":"  super().__init__(loader)\n"}
,{"stream_name":"stdout","time":5414.998520119,"data":"{\n"}
,{"stream_name":"stdout","time":5414.998772768,"data":"  \"data_root\": \"/tmp/cuhkx\",\n"}
,{"stream_name":"stdout","time":5414.998787834,"data":"  \"modality\": \"Skeleton\",\n"}
,{"stream_name":"stdout","time":5414.998794304,"data":"  \"frames\": 32,\n"}
,{"stream_name":"stdout","time":5414.998800672,"data":"  \"size\": 144,\n"}
,{"stream_name":"stdout","time":5414.998806715,"data":"  \"arch\": \"resnet18\",\n"}
,{"stream_name":"stdout","time":5414.998817136,"data":"  \"n_folds\": 5,\n"}
,{"stream_name":"stdout","time":5414.998823181,"data":"  \"fold\": 1,\n"}
,{"stream_name":"stdout","time":5414.998828688,"data":"  \"epochs\": 60,\n"}
,{"stream_name":"stdout","time":5414.998833848,"data":"  \"batch_size\": 32,\n"}
,{"stream_name":"stdout","time":5414.998838732,"data":"  \"lr\": 0.001,\n"}
,{"stream_name":"stdout","time":5414.998843909,"data":"  \"backbone_lr_mult\": 0.3,\n"}
,{"stream_name":"stdout","time":5414.99884922,"data":"  \"weight_decay\": 0.05,\n"}
,{"stream_name":"stdout","time":5414.998854232,"data":"  \"label_smoothing\": 0.1,\n"}
,{"stream_name":"stdout","time":5414.998859744,"data":"  \"mixup_alpha\": 0.2,\n"}
,{"stream_name":"stdout","time":5414.998864867,"data":"  \"mixup_prob\": 0.5,\n"}
,{"stream_name":"stdout","time":5414.998870138,"data":"  \"shift_div\": 8,\n"}
,{"stream_name":"stdout","time":5414.998914624,"data":"  \"dropout\": 0.3,\n"}
,{"stream_name":"stdout","time":5414.998921034,"data":"  \"ema_decay\": 0.999,\n"}
,{"stream_name":"stdout","time":5414.998926304,"data":"  \"warmup_frac\": 0.1,\n"}
,{"stream_name":"stdout","time":5414.998932422,"data":"  \"grad_clip\": 5.0,\n"}
,{"stream_name":"stdout","time":5414.998938217,"data":"  \"amp\": true,\n"}
,{"stream_name":"stdout","time":5414.998943772,"data":"  \"num_workers\": 2,\n"}
,{"stream_name":"stdout","time":5414.998949402,"data":"  \"seed\": 42,\n"}
,{"stream_name":"stdout","time":5414.998954921,"data":"  \"per_clip_norm\": true,\n"}
,{"stream_name":"stdout","time":5414.998976581,"data":"  \"out_dir\": \"/kaggle/working\",\n"}
,{"stream_name":"stdout","time":5414.998981269,"data":"  \"extra\": {\n"}
,{"stream_name":"stdout","time":5414.998984979,"data":"    \"temporal_aug\": true,\n"}
,{"stream_name":"stdout","time":5414.998989533,"data":"    \"amp_aug\": true,\n"}
,{"stream_name":"stdout","time":5414.998993931,"data":"    \"center_z\": false\n"}
,{"stream_name":"stdout","time":5414.998998479,"data":"  }\n"}
,{"stream_name":"stdout","time":5414.999002563,"data":"}\n"}
,{"stream_name":"stdout","time":5414.999008636,"data":"\n"}
,{"stream_name":"stdout","time":5414.999012992,"data":"Skeleton fold 1: train 2198 clips / 14 users | val 733 clips / 4 users\n"}
,{"stream_name":"stdout","time":5414.999017688,"data":"val users: ['user16', 'user6', 'user8', 'user9']\n"}
,{"stream_name":"stdout","time":5414.999022225,"data":"test clips: 405\n"}
,{"stream_name":"stdout","time":5414.999026922,"data":"\n"}
,{"stream_name":"stdout","time":5414.999031704,"data":"params: 2.05 M  (4.1 MB fp16)\n"}
,{"stream_name":"stdout","time":5414.999035838,"data":"\n"}
,{"stream_name":"stdout","time":5502.231580795,"data":"ep  1/60  loss 3.6776  val_acc 0.1146  best 0.1146  87s  \u003c-- best\n"}
,{"stream_name":"stdout","time":5587.91552002,"data":"ep  2/60  loss 3.2470  val_acc 0.2156  best 0.2156  86s  \u003c-- best\n"}
,{"stream_name":"stdout","time":5672.358379416,"data":"ep  3/60  loss 2.9863  val_acc 0.2510  best 0.2510  84s  \u003c-- best\n"}
,{"stream_name":"stdout","time":5755.6888449,"data":"ep  4/60  loss 2.8506  val_acc 0.2974  best 0.2974  83s  \u003c-- best\n"}
,{"stream_name":"stdout","time":5841.685350154,"data":"ep  5/60  loss 2.7324  val_acc 0.3370  best 0.3370  86s  \u003c-- best\n"}
,{"stream_name":"stdout","time":5925.078390405,"data":"ep  6/60  loss 2.6161  val_acc 0.3506  best 0.3506  83s  \u003c-- best\n"}
,{"stream_name":"stdout","time":6007.979691196,"data":"ep  7/60  loss 2.5773  val_acc 0.3656  best 0.3656  83s  \u003c-- best\n"}
,{"stream_name":"stdout","time":6090.707781318,"data":"ep  8/60  loss 2.4925  val_acc 0.3765  best 0.3765  83s  \u003c-- best\n"}
,{"stream_name":"stdout","time":6173.382156411,"data":"ep  9/60  loss 2.4385  val_acc 0.3847  best 0.3847  83s  \u003c-- best\n"}
,{"stream_name":"stdout","time":6256.102780451,"data":"ep 10/60  loss 2.3289  val_acc 0.4079  best 0.4079  83s  \u003c-- best\n"}
,{"stream_name":"stdout","time":6339.079410967,"data":"ep 11/60  loss 2.2639  val_acc 0.4147  best 0.4147  83s  \u003c-- best\n"}
,{"stream_name":"stdout","time":6424.286602067,"data":"ep 12/60  loss 2.2921  val_acc 0.4147  best 0.4147  85s\n"}
,{"stream_name":"stdout","time":6507.842452832,"data":"ep 13/60  loss 2.1547  val_acc 0.4243  best 0.4243  84s  \u003c-- best\n"}
,{"stream_name":"stdout","time":6592.229790168,"data":"ep 14/60  loss 2.2190  val_acc 0.4284  best 0.4284  84s  \u003c-- best\n"}
,{"stream_name":"stdout","time":6677.750198093,"data":"ep 15/60  loss 2.1545  val_acc 0.4352  best 0.4352  86s  \u003c-- best\n"}
,{"stream_name":"stdout","time":6762.264649971,"data":"ep 16/60  loss 2.1970  val_acc 0.4516  best 0.4516  85s  \u003c-- best\n"}
,{"stream_name":"stdout","time":6846.801626101,"data":"ep 17/60  loss 2.0548  val_acc 0.4461  best 0.4516  85s\n"}
,{"stream_name":"stdout","time":6933.293923423,"data":"ep 18/60  loss 2.0358  val_acc 0.4529  best 0.4529  86s  \u003c-- best\n"}
,{"stream_name":"stdout","time":7017.254536773,"data":"ep 19/60  loss 2.1254  val_acc 0.4707  best 0.4707  84s  \u003c-- best\n"}
,{"stream_name":"stdout","time":7101.649596117,"data":"ep 20/60  loss 1.9210  val_acc 0.4775  best 0.4775  84s  \u003c-- best\n"}
,{"stream_name":"stdout","time":7184.995313869,"data":"ep 21/60  loss 1.9537  val_acc 0.4816  best 0.4816  83s  \u003c-- best\n"}
,{"stream_name":"stdout","time":7269.472652759,"data":"ep 22/60  loss 1.8950  val_acc 0.4843  best 0.4843  84s  \u003c-- best\n"}
,{"stream_name":"stdout","time":7353.081628611,"data":"ep 23/60  loss 1.9153  val_acc 0.5048  best 0.5048  84s  \u003c-- best\n"}
,{"stream_name":"stdout","time":7438.825810123,"data":"ep 24/60  loss 1.7825  val_acc 0.4952  best 0.5048  86s\n"}
,{"stream_name":"stdout","time":7523.887835102,"data":"ep 25/60  loss 1.8415  val_acc 0.4857  best 0.5048  85s\n"}
,{"stream_name":"stdout","time":7608.977671222,"data":"ep 26/60  loss 1.7495  val_acc 0.4939  best 0.5048  85s\n"}
,{"stream_name":"stdout","time":7692.980152116,"data":"ep 27/60  loss 1.8659  val_acc 0.4966  best 0.5048  84s\n"}
,{"stream_name":"stdout","time":7776.308514074,"data":"ep 28/60  loss 1.7205  val_acc 0.5007  best 0.5048  83s\n"}
,{"stream_name":"stdout","time":7861.852615569,"data":"ep 29/60  loss 1.8007  val_acc 0.5020  best 0.5048  86s\n"}
,{"stream_name":"stdout","time":7950.154039165,"data":"ep 30/60  loss 1.7452  val_acc 0.5089  best 0.5089  88s  \u003c-- best\n"}
,{"stream_name":"stdout","time":8035.979663297,"data":"ep 31/60  loss 1.7262  val_acc 0.5116  best 0.5116  86s  \u003c-- best\n"}
,{"stream_name":"stdout","time":8120.900780811,"data":"ep 32/60  loss 1.7581  val_acc 0.5075  best 0.5116  85s\n"}
,{"stream_name":"stdout","time":8216.83119347,"data":"ep 33/60  loss 1.6865  val_acc 0.5102  best 0.5116  96s\n"}
,{"stream_name":"stdout","time":8304.364001725,"data":"ep 34/60  loss 1.6788  val_acc 0.5143  best 0.5143  88s  \u003c-- best\n"}
,{"stream_name":"stdout","time":8388.805674499,"data":"ep 35/60  loss 1.5815  val_acc 0.5061  best 0.5143  84s\n"}
,{"stream_name":"stdout","time":8475.167751937,"data":"ep 36/60  loss 1.5821  val_acc 0.5089  best 0.5143  86s\n"}
,{"stream_name":"stdout","time":8560.843528307,"data":"ep 37/60  loss 1.5842  val_acc 0.5130  best 0.5143  86s\n"}
,{"stream_name":"stdout","time":8644.968124118,"data":"ep 38/60  loss 1.4192  val_acc 0.5211  best 0.5211  84s  \u003c-- best\n"}
,{"stream_name":"stdout","time":8731.176786676,"data":"ep 39/60  loss 1.6381  val_acc 0.5171  best 0.5211  86s\n"}
,{"stream_name":"stdout","time":8819.523315837,"data":"ep 40/60  loss 1.5189  val_acc 0.5171  best 0.5211  88s\n"}
,{"stream_name":"stdout","time":8904.444802233,"data":"ep 41/60  loss 1.4858  val_acc 0.5130  best 0.5211  85s\n"}
,{"stream_name":"stdout","time":8988.368991579,"data":"ep 42/60  loss 1.5140  val_acc 0.5198  best 0.5211  84s\n"}
,{"stream_name":"stdout","time":9073.148866751,"data":"ep 43/60  loss 1.4641  val_acc 0.5225  best 0.5225  85s  \u003c-- best\n"}
,{"stream_name":"stdout","time":9157.525630146,"data":"ep 44/60  loss 1.3469  val_acc 0.5130  best 0.5225  84s\n"}
,{"stream_name":"stdout","time":9242.299565917,"data":"ep 45/60  loss 1.5972  val_acc 0.5116  best 0.5225  85s\n"}
,{"stream_name":"stdout","time":9326.027106422,"data":"ep 46/60  loss 1.3751  val_acc 0.5116  best 0.5225  84s\n"}
,{"stream_name":"stdout","time":9410.313521979,"data":"ep 47/60  loss 1.3341  val_acc 0.5184  best 0.5225  84s\n"}
,{"stream_name":"stdout","time":9493.626058514,"data":"ep 48/60  loss 1.4280  val_acc 0.5184  best 0.5225  83s\n"}
,{"stream_name":"stdout","time":9578.318083177,"data":"ep 49/60  loss 1.2950  val_acc 0.5184  best 0.5225  85s\n"}
,{"stream_name":"stdout","time":9665.768801107,"data":"ep 50/60  loss 1.3784  val_acc 0.5171  best 0.5225  87s\n"}
,{"stream_name":"stdout","time":9750.888073019,"data":"ep 51/60  loss 1.4740  val_acc 0.5171  best 0.5225  85s\n"}
,{"stream_name":"stdout","time":9835.40772374,"data":"ep 52/60  loss 1.3440  val_acc 0.5143  best 0.5225  85s\n"}
,{"stream_name":"stdout","time":9918.734810175,"data":"ep 53/60  loss 1.4159  val_acc 0.5171  best 0.5225  83s\n"}
,{"stream_name":"stdout","time":10003.479751545,"data":"ep 54/60  loss 1.2879  val_acc 0.5157  best 0.5225  85s\n"}
,{"stream_name":"stdout","time":10087.786745664,"data":"ep 55/60  loss 1.3094  val_acc 0.5143  best 0.5225  84s\n"}
,{"stream_name":"stdout","time":10171.391178172,"data":"ep 56/60  loss 1.2939  val_acc 0.5102  best 0.5225  84s\n"}
,{"stream_name":"stdout","time":10254.781278224,"data":"ep 57/60  loss 1.3100  val_acc 0.5116  best 0.5225  83s\n"}
,{"stream_name":"stdout","time":10338.22350723,"data":"ep 58/60  loss 1.3921  val_acc 0.5102  best 0.5225  83s\n"}
,{"stream_name":"stdout","time":10421.117289046,"data":"ep 59/60  loss 1.4423  val_acc 0.5116  best 0.5225  83s\n"}
,{"stream_name":"stdout","time":10505.163284908,"data":"ep 60/60  loss 1.3618  val_acc 0.5116  best 0.5225  84s\n"}
,{"stream_name":"stdout","time":10513.219021674,"data":"/usr/local/lib/python3.12/dist-packages/torch/utils/data/dataloader.py:1118: UserWarning: 'pin_memory' argument is set as true but no accelerator is found, then device pinned memory won't be used.\n"}
,{"stream_name":"stdout","time":10513.219078595,"data":"  super().__init__(loader)\n"}
,{"stream_name":"stdout","time":10528.065951402,"data":"\n"}
,{"stream_name":"stdout","time":10528.066007028,"data":"DONE Skeleton_f1: best cross-subject val acc = 0.5225\n"}
,{"stream_name":"stdout","time":10529.118844023,"data":"[ 175.5m] DONE Skeleton f1 rc=0 in 85.3 min\n"}
,{"stream_name":"stdout","time":10529.119591359,"data":"[ 175.5m] runner finished\n"}
,{"stream_name":"stderr","time":10533.468056729,"data":"/usr/local/lib/python3.12/dist-packages/mistune.py:435: SyntaxWarning: invalid escape sequence '\\|'\n"}
,{"stream_name":"stderr","time":10533.468127398,"data":"  cells[i][c] = re.sub('\\\\\\\\\\|', '|', cell)\n"}
,{"stream_name":"stderr","time":10533.95478228,"data":"/usr/local/lib/python3.12/dist-packages/nbconvert/filters/filter_links.py:36: SyntaxWarning: invalid escape sequence '\\_'\n"}
,{"stream_name":"stderr","time":10533.954835926,"data":"  text = re.sub(r'_', '\\_', text) # Escape underscores in display text\n"}
,{"stream_name":"stderr","time":10534.975548907,"data":"[NbConvertApp] Converting notebook __script__.ipynb to html\n"}
,{"stream_name":"stderr","time":10536.994173008,"data":"[NbConvertApp] Writing 359986 bytes to __results__.html\n"}
]